Copyright 1986-2020 Xilinx, Inc. All Rights Reserved.
-----------------------------------------------------------------------------------------------
| Tool Version : Vivado v.2020.2 (win64) Build 3064766 Wed Nov 18 09:12:45 MST 2020
| Date         : Wed Oct 15 11:19:18 2025
| Host         : Orange running 64-bit major release  (build 9200)
| Command      : report_control_sets -verbose -file shake_sha2_ip_v1_0_control_sets_placed.rpt
| Design       : shake_sha2_ip_v1_0
| Device       : xc7z020
-----------------------------------------------------------------------------------------------

Control Set Information

Table of Contents
-----------------
1. Summary
2. Histogram
3. Flip-Flop Distribution
4. Detailed Control Set Information

1. Summary
----------

+----------------------------------------------------------+-------+
|                          Status                          | Count |
+----------------------------------------------------------+-------+
| Total control sets                                       |   247 |
|    Minimum number of control sets                        |   247 |
|    Addition due to synthesis replication                 |     0 |
|    Addition due to physical synthesis replication        |     0 |
| Unused register locations in slices containing registers |    50 |
+----------------------------------------------------------+-------+
* Control sets can be merged at opt_design using control_set_merge or merge_equivalent_drivers
** Run report_qor_suggestions for automated merging and remapping suggestions


2. Histogram
------------

+--------------------+-------+
|       Fanout       | Count |
+--------------------+-------+
| Total control sets |   247 |
| >= 0 to < 4        |     0 |
| >= 4 to < 6        |     2 |
| >= 6 to < 8        |     4 |
| >= 8 to < 10       |   220 |
| >= 10 to < 12      |     0 |
| >= 12 to < 14      |     0 |
| >= 14 to < 16      |     1 |
| >= 16              |    20 |
+--------------------+-------+
* Control sets can be remapped at either synth_design or opt_design


3. Flip-Flop Distribution
-------------------------

+--------------+-----------------------+------------------------+-----------------+--------------+
| Clock Enable | Synchronous Set/Reset | Asynchronous Set/Reset | Total Registers | Total Slices |
+--------------+-----------------------+------------------------+-----------------+--------------+
| No           | No                    | No                     |             236 |           71 |
| No           | No                    | Yes                    |            2210 |          512 |
| No           | Yes                   | No                     |              23 |           14 |
| Yes          | No                    | No                     |              93 |           34 |
| Yes          | No                    | Yes                    |            5085 |         2020 |
| Yes          | Yes                   | No                     |            3071 |         1141 |
+--------------+-----------------------+------------------------+-----------------+--------------+


4. Detailed Control Set Information
-----------------------------------

+-------------------------+------------------------------------------------------------------------------------------------------+-------------------------------------------------------------------------------+------------------+----------------+--------------+
|       Clock Signal      |                                             Enable Signal                                            |                                Set/Reset Signal                               | Slice Load Count | Bel Load Count | Bels / Slice |
+-------------------------+------------------------------------------------------------------------------------------------------+-------------------------------------------------------------------------------+------------------+----------------+--------------+
|  s00_axi_aclk_IBUF_BUFG | shake_sha2_ip_v1_0_S00_AXI_inst/u_shake_sha2_top/u_shake_top/keccak_top/E[0]                         | shake_sha2_ip_v1_0_S00_AXI_inst/u_shake_sha2_top/u_shake_top/keccak_top/SR[0] |                4 |              5 |         1.25 |
|  s00_axi_aclk_IBUF_BUFG | shake_sha2_ip_v1_0_S00_AXI_inst/u_shake_sha2_top/u_shake_top/keccak_top/counter_nr_rounds[4]_i_1_n_0 | shake_sha2_ip_v1_0_S00_AXI_inst/u_shake_sha2_top/u_shake_top/keccak_top/AR[0] |                2 |              5 |         2.50 |
|  s00_axi_aclk_IBUF_BUFG | shake_sha2_ip_v1_0_S00_AXI_inst/axi_awready_i_1_n_0                                                  | shake_sha2_ip_v1_0_S00_AXI_inst/u_shake_sha2_top/u_sha2_top/s00_axi_aresetn   |                4 |              6 |         1.50 |
|  s00_axi_aclk_IBUF_BUFG | shake_sha2_ip_v1_0_S00_AXI_inst/u_shake_sha2_top/u_sha2_top/u_sha256/mcnt[5]_i_1_n_0                 | shake_sha2_ip_v1_0_S00_AXI_inst/u_shake_sha2_top/u_sha2_top/s00_axi_aresetn   |                3 |              6 |         2.00 |
|  s00_axi_aclk_IBUF_BUFG | shake_sha2_ip_v1_0_S00_AXI_inst/u_shake_sha2_top/u_sha2_top/u_sha256/icnt[5]_i_1_n_0                 | shake_sha2_ip_v1_0_S00_AXI_inst/u_shake_sha2_top/u_sha2_top/s00_axi_aresetn   |                2 |              6 |         3.00 |
|  s00_axi_aclk_IBUF_BUFG | shake_sha2_ip_v1_0_S00_AXI_inst/u_shake_sha2_top/u_sha2_top/u_sha512/icnt[6]_i_1_n_0                 | shake_sha2_ip_v1_0_S00_AXI_inst/u_shake_sha2_top/u_sha2_top/s00_axi_aresetn   |                5 |              7 |         1.40 |
|  s00_axi_aclk_IBUF_BUFG | shake_sha2_ip_v1_0_S00_AXI_inst/u_shake_sha2_top/u_sha2_top/u_sha256/buff[19][7]_i_1_n_0             | shake_sha2_ip_v1_0_S00_AXI_inst/u_shake_sha2_top/u_sha2_top/s00_axi_aresetn   |                4 |              8 |         2.00 |
|  s00_axi_aclk_IBUF_BUFG | shake_sha2_ip_v1_0_S00_AXI_inst/slv_reg2[15]_i_1_n_0                                                 | shake_sha2_ip_v1_0_S00_AXI_inst/u_shake_sha2_top/u_sha2_top/s00_axi_aresetn   |                2 |              8 |         4.00 |
|  s00_axi_aclk_IBUF_BUFG | shake_sha2_ip_v1_0_S00_AXI_inst/slv_reg4[31]_i_1_n_0                                                 | shake_sha2_ip_v1_0_S00_AXI_inst/u_shake_sha2_top/u_sha2_top/s00_axi_aresetn   |                3 |              8 |         2.67 |
|  s00_axi_aclk_IBUF_BUFG | shake_sha2_ip_v1_0_S00_AXI_inst/u_shake_sha2_top/u_sha2_top/u_sha256/buff[25][7]_i_1_n_0             | shake_sha2_ip_v1_0_S00_AXI_inst/u_shake_sha2_top/u_sha2_top/s00_axi_aresetn   |                4 |              8 |         2.00 |
|  s00_axi_aclk_IBUF_BUFG | shake_sha2_ip_v1_0_S00_AXI_inst/u_shake_sha2_top/u_sha2_top/u_sha256/buff[26][7]_i_1_n_0             | shake_sha2_ip_v1_0_S00_AXI_inst/u_shake_sha2_top/u_sha2_top/s00_axi_aresetn   |                6 |              8 |         1.33 |
|  s00_axi_aclk_IBUF_BUFG | shake_sha2_ip_v1_0_S00_AXI_inst/u_shake_sha2_top/u_sha2_top/u_sha256/buff[27][7]_i_1_n_0             | shake_sha2_ip_v1_0_S00_AXI_inst/u_shake_sha2_top/u_sha2_top/s00_axi_aresetn   |                4 |              8 |         2.00 |
|  s00_axi_aclk_IBUF_BUFG | shake_sha2_ip_v1_0_S00_AXI_inst/u_shake_sha2_top/u_sha2_top/u_sha256/buff[30][7]_i_1_n_0             | shake_sha2_ip_v1_0_S00_AXI_inst/u_shake_sha2_top/u_sha2_top/s00_axi_aresetn   |                5 |              8 |         1.60 |
|  s00_axi_aclk_IBUF_BUFG | shake_sha2_ip_v1_0_S00_AXI_inst/u_shake_sha2_top/u_sha2_top/u_sha256/buff[33][7]_i_1_n_0             | shake_sha2_ip_v1_0_S00_AXI_inst/u_shake_sha2_top/u_sha2_top/s00_axi_aresetn   |                2 |              8 |         4.00 |
|  s00_axi_aclk_IBUF_BUFG | shake_sha2_ip_v1_0_S00_AXI_inst/u_shake_sha2_top/u_sha2_top/u_sha256/buff[11][7]_i_1_n_0             | shake_sha2_ip_v1_0_S00_AXI_inst/u_shake_sha2_top/u_sha2_top/s00_axi_aresetn   |                4 |              8 |         2.00 |
|  s00_axi_aclk_IBUF_BUFG | shake_sha2_ip_v1_0_S00_AXI_inst/u_shake_sha2_top/u_sha2_top/u_sha256/buff[37][7]_i_1_n_0             | shake_sha2_ip_v1_0_S00_AXI_inst/u_shake_sha2_top/u_sha2_top/s00_axi_aresetn   |                2 |              8 |         4.00 |
|  s00_axi_aclk_IBUF_BUFG | shake_sha2_ip_v1_0_S00_AXI_inst/u_shake_sha2_top/u_sha2_top/u_sha256/buff[39][7]_i_1_n_0             | shake_sha2_ip_v1_0_S00_AXI_inst/u_shake_sha2_top/u_sha2_top/s00_axi_aresetn   |                3 |              8 |         2.67 |
|  s00_axi_aclk_IBUF_BUFG | shake_sha2_ip_v1_0_S00_AXI_inst/u_shake_sha2_top/u_sha2_top/u_sha256/buff[14][7]_i_1_n_0             | shake_sha2_ip_v1_0_S00_AXI_inst/u_shake_sha2_top/u_sha2_top/s00_axi_aresetn   |                4 |              8 |         2.00 |
|  s00_axi_aclk_IBUF_BUFG | shake_sha2_ip_v1_0_S00_AXI_inst/u_shake_sha2_top/u_sha2_top/u_sha256/buff[35][7]_i_1_n_0             | shake_sha2_ip_v1_0_S00_AXI_inst/u_shake_sha2_top/u_sha2_top/s00_axi_aresetn   |                3 |              8 |         2.67 |
|  s00_axi_aclk_IBUF_BUFG | shake_sha2_ip_v1_0_S00_AXI_inst/u_shake_sha2_top/u_sha2_top/u_sha256/buff[18][7]_i_1_n_0             | shake_sha2_ip_v1_0_S00_AXI_inst/u_shake_sha2_top/u_sha2_top/s00_axi_aresetn   |                4 |              8 |         2.00 |
|  s00_axi_aclk_IBUF_BUFG | shake_sha2_ip_v1_0_S00_AXI_inst/u_shake_sha2_top/u_sha2_top/u_sha256/buff[22][7]_i_1_n_0             | shake_sha2_ip_v1_0_S00_AXI_inst/u_shake_sha2_top/u_sha2_top/s00_axi_aresetn   |                5 |              8 |         1.60 |
|  s00_axi_aclk_IBUF_BUFG | shake_sha2_ip_v1_0_S00_AXI_inst/u_shake_sha2_top/u_sha2_top/u_sha256/buff[3][7]_i_1_n_0              | shake_sha2_ip_v1_0_S00_AXI_inst/u_shake_sha2_top/u_sha2_top/s00_axi_aresetn   |                4 |              8 |         2.00 |
|  s00_axi_aclk_IBUF_BUFG | shake_sha2_ip_v1_0_S00_AXI_inst/u_shake_sha2_top/u_sha2_top/u_sha256/buff[43][7]_i_1_n_0             | shake_sha2_ip_v1_0_S00_AXI_inst/u_shake_sha2_top/u_sha2_top/s00_axi_aresetn   |                3 |              8 |         2.67 |
|  s00_axi_aclk_IBUF_BUFG | shake_sha2_ip_v1_0_S00_AXI_inst/u_shake_sha2_top/u_sha2_top/u_sha256/buff[23][7]_i_1_n_0             | shake_sha2_ip_v1_0_S00_AXI_inst/u_shake_sha2_top/u_sha2_top/s00_axi_aresetn   |                4 |              8 |         2.00 |
|  s00_axi_aclk_IBUF_BUFG | shake_sha2_ip_v1_0_S00_AXI_inst/u_shake_sha2_top/u_sha2_top/u_sha256/buff[34][7]_i_1_n_0             | shake_sha2_ip_v1_0_S00_AXI_inst/u_shake_sha2_top/u_sha2_top/s00_axi_aresetn   |                3 |              8 |         2.67 |
|  s00_axi_aclk_IBUF_BUFG | shake_sha2_ip_v1_0_S00_AXI_inst/u_shake_sha2_top/u_sha2_top/u_sha256/buff[40][7]_i_1_n_0             | shake_sha2_ip_v1_0_S00_AXI_inst/u_shake_sha2_top/u_sha2_top/s00_axi_aresetn   |                3 |              8 |         2.67 |
|  s00_axi_aclk_IBUF_BUFG | shake_sha2_ip_v1_0_S00_AXI_inst/u_shake_sha2_top/u_sha2_top/u_sha256/buff[45][7]_i_1_n_0             | shake_sha2_ip_v1_0_S00_AXI_inst/u_shake_sha2_top/u_sha2_top/s00_axi_aresetn   |                2 |              8 |         4.00 |
|  s00_axi_aclk_IBUF_BUFG | shake_sha2_ip_v1_0_S00_AXI_inst/u_shake_sha2_top/u_sha2_top/u_sha256/buff[47][7]_i_1_n_0             | shake_sha2_ip_v1_0_S00_AXI_inst/u_shake_sha2_top/u_sha2_top/s00_axi_aresetn   |                3 |              8 |         2.67 |
|  s00_axi_aclk_IBUF_BUFG | shake_sha2_ip_v1_0_S00_AXI_inst/u_shake_sha2_top/u_sha2_top/u_sha256/buff[49][7]_i_1_n_0             | shake_sha2_ip_v1_0_S00_AXI_inst/u_shake_sha2_top/u_sha2_top/s00_axi_aresetn   |                4 |              8 |         2.00 |
|  s00_axi_aclk_IBUF_BUFG | shake_sha2_ip_v1_0_S00_AXI_inst/u_shake_sha2_top/u_sha2_top/u_sha256/buff[28][7]_i_1_n_0             | shake_sha2_ip_v1_0_S00_AXI_inst/u_shake_sha2_top/u_sha2_top/s00_axi_aresetn   |                3 |              8 |         2.67 |
|  s00_axi_aclk_IBUF_BUFG | shake_sha2_ip_v1_0_S00_AXI_inst/u_shake_sha2_top/u_sha2_top/u_sha256/buff[50][7]_i_1_n_0             | shake_sha2_ip_v1_0_S00_AXI_inst/u_shake_sha2_top/u_sha2_top/s00_axi_aresetn   |                3 |              8 |         2.67 |
|  s00_axi_aclk_IBUF_BUFG | shake_sha2_ip_v1_0_S00_AXI_inst/u_shake_sha2_top/u_sha2_top/u_sha256/buff[51][7]_i_1_n_0             | shake_sha2_ip_v1_0_S00_AXI_inst/u_shake_sha2_top/u_sha2_top/s00_axi_aresetn   |                3 |              8 |         2.67 |
|  s00_axi_aclk_IBUF_BUFG | shake_sha2_ip_v1_0_S00_AXI_inst/u_shake_sha2_top/u_sha2_top/u_sha256/buff[21][7]_i_1_n_0             | shake_sha2_ip_v1_0_S00_AXI_inst/u_shake_sha2_top/u_sha2_top/s00_axi_aresetn   |                4 |              8 |         2.00 |
|  s00_axi_aclk_IBUF_BUFG | shake_sha2_ip_v1_0_S00_AXI_inst/u_shake_sha2_top/u_sha2_top/u_sha256/buff[2][7]_i_1_n_0              | shake_sha2_ip_v1_0_S00_AXI_inst/u_shake_sha2_top/u_sha2_top/s00_axi_aresetn   |                5 |              8 |         1.60 |
|  s00_axi_aclk_IBUF_BUFG | shake_sha2_ip_v1_0_S00_AXI_inst/u_shake_sha2_top/u_sha2_top/u_sha256/buff[32][7]_i_1_n_0             | shake_sha2_ip_v1_0_S00_AXI_inst/u_shake_sha2_top/u_sha2_top/s00_axi_aresetn   |                3 |              8 |         2.67 |
|  s00_axi_aclk_IBUF_BUFG | shake_sha2_ip_v1_0_S00_AXI_inst/u_shake_sha2_top/u_sha2_top/u_sha256/buff[17][7]_i_1_n_0             | shake_sha2_ip_v1_0_S00_AXI_inst/u_shake_sha2_top/u_sha2_top/s00_axi_aresetn   |                4 |              8 |         2.00 |
|  s00_axi_aclk_IBUF_BUFG | shake_sha2_ip_v1_0_S00_AXI_inst/u_shake_sha2_top/u_sha2_top/u_sha256/buff[55][7]_i_1_n_0             | shake_sha2_ip_v1_0_S00_AXI_inst/u_shake_sha2_top/u_sha2_top/s00_axi_aresetn   |                4 |              8 |         2.00 |
|  s00_axi_aclk_IBUF_BUFG | shake_sha2_ip_v1_0_S00_AXI_inst/u_shake_sha2_top/u_sha2_top/u_sha256/buff[42][7]_i_1_n_0             | shake_sha2_ip_v1_0_S00_AXI_inst/u_shake_sha2_top/u_sha2_top/s00_axi_aresetn   |                3 |              8 |         2.67 |
|  s00_axi_aclk_IBUF_BUFG | shake_sha2_ip_v1_0_S00_AXI_inst/u_shake_sha2_top/u_sha2_top/u_sha256/buff[46][7]_i_1_n_0             | shake_sha2_ip_v1_0_S00_AXI_inst/u_shake_sha2_top/u_sha2_top/s00_axi_aresetn   |                3 |              8 |         2.67 |
|  s00_axi_aclk_IBUF_BUFG | shake_sha2_ip_v1_0_S00_AXI_inst/u_shake_sha2_top/u_sha2_top/u_sha256/buff[4][7]_i_1_n_0              | shake_sha2_ip_v1_0_S00_AXI_inst/u_shake_sha2_top/u_sha2_top/s00_axi_aresetn   |                4 |              8 |         2.00 |
|  s00_axi_aclk_IBUF_BUFG | shake_sha2_ip_v1_0_S00_AXI_inst/u_shake_sha2_top/u_sha2_top/u_sha256/buff[52][7]_i_1_n_0             | shake_sha2_ip_v1_0_S00_AXI_inst/u_shake_sha2_top/u_sha2_top/s00_axi_aresetn   |                3 |              8 |         2.67 |
|  s00_axi_aclk_IBUF_BUFG | shake_sha2_ip_v1_0_S00_AXI_inst/u_shake_sha2_top/u_sha2_top/u_sha256/buff[20][7]_i_1_n_0             | shake_sha2_ip_v1_0_S00_AXI_inst/u_shake_sha2_top/u_sha2_top/s00_axi_aresetn   |                5 |              8 |         1.60 |
|  s00_axi_aclk_IBUF_BUFG | shake_sha2_ip_v1_0_S00_AXI_inst/u_shake_sha2_top/u_sha2_top/u_sha256/buff[31][7]_i_1_n_0             | shake_sha2_ip_v1_0_S00_AXI_inst/u_shake_sha2_top/u_sha2_top/s00_axi_aresetn   |                4 |              8 |         2.00 |
|  s00_axi_aclk_IBUF_BUFG | shake_sha2_ip_v1_0_S00_AXI_inst/u_shake_sha2_top/u_sha2_top/u_sha256/buff[48][7]_i_1_n_0             | shake_sha2_ip_v1_0_S00_AXI_inst/u_shake_sha2_top/u_sha2_top/s00_axi_aresetn   |                3 |              8 |         2.67 |
|  s00_axi_aclk_IBUF_BUFG | shake_sha2_ip_v1_0_S00_AXI_inst/u_shake_sha2_top/u_sha2_top/u_sha256/buff[24][7]_i_1_n_0             | shake_sha2_ip_v1_0_S00_AXI_inst/u_shake_sha2_top/u_sha2_top/s00_axi_aresetn   |                5 |              8 |         1.60 |
|  s00_axi_aclk_IBUF_BUFG | shake_sha2_ip_v1_0_S00_AXI_inst/u_shake_sha2_top/u_sha2_top/u_sha256/buff[41][7]_i_1_n_0             | shake_sha2_ip_v1_0_S00_AXI_inst/u_shake_sha2_top/u_sha2_top/s00_axi_aresetn   |                3 |              8 |         2.67 |
|  s00_axi_aclk_IBUF_BUFG | shake_sha2_ip_v1_0_S00_AXI_inst/u_shake_sha2_top/u_sha2_top/u_sha256/buff[16][7]_i_1_n_0             | shake_sha2_ip_v1_0_S00_AXI_inst/u_shake_sha2_top/u_sha2_top/s00_axi_aresetn   |                4 |              8 |         2.00 |
|  s00_axi_aclk_IBUF_BUFG | shake_sha2_ip_v1_0_S00_AXI_inst/u_shake_sha2_top/u_sha2_top/u_sha256/buff[36][7]_i_1_n_0             | shake_sha2_ip_v1_0_S00_AXI_inst/u_shake_sha2_top/u_sha2_top/s00_axi_aresetn   |                3 |              8 |         2.67 |
|  s00_axi_aclk_IBUF_BUFG | shake_sha2_ip_v1_0_S00_AXI_inst/u_shake_sha2_top/u_sha2_top/u_sha256/buff[15][7]_i_1_n_0             | shake_sha2_ip_v1_0_S00_AXI_inst/u_shake_sha2_top/u_sha2_top/s00_axi_aresetn   |                4 |              8 |         2.00 |
|  s00_axi_aclk_IBUF_BUFG | shake_sha2_ip_v1_0_S00_AXI_inst/u_shake_sha2_top/u_sha2_top/u_sha256/buff[0][7]_i_1_n_0              | shake_sha2_ip_v1_0_S00_AXI_inst/u_shake_sha2_top/u_sha2_top/s00_axi_aresetn   |                4 |              8 |         2.00 |
|  s00_axi_aclk_IBUF_BUFG | shake_sha2_ip_v1_0_S00_AXI_inst/u_shake_sha2_top/u_sha2_top/u_sha256/buff[1][7]_i_1_n_0              | shake_sha2_ip_v1_0_S00_AXI_inst/u_shake_sha2_top/u_sha2_top/s00_axi_aresetn   |                5 |              8 |         1.60 |
|  s00_axi_aclk_IBUF_BUFG | shake_sha2_ip_v1_0_S00_AXI_inst/u_shake_sha2_top/u_sha2_top/u_sha256/buff[12][7]_i_1_n_0             | shake_sha2_ip_v1_0_S00_AXI_inst/u_shake_sha2_top/u_sha2_top/s00_axi_aresetn   |                5 |              8 |         1.60 |
|  s00_axi_aclk_IBUF_BUFG | shake_sha2_ip_v1_0_S00_AXI_inst/u_shake_sha2_top/u_sha2_top/u_sha256/buff[29][7]_i_1_n_0             | shake_sha2_ip_v1_0_S00_AXI_inst/u_shake_sha2_top/u_sha2_top/s00_axi_aresetn   |                4 |              8 |         2.00 |
|  s00_axi_aclk_IBUF_BUFG | shake_sha2_ip_v1_0_S00_AXI_inst/u_shake_sha2_top/u_sha2_top/u_sha256/buff[38][7]_i_1_n_0             | shake_sha2_ip_v1_0_S00_AXI_inst/u_shake_sha2_top/u_sha2_top/s00_axi_aresetn   |                3 |              8 |         2.67 |
|  s00_axi_aclk_IBUF_BUFG | shake_sha2_ip_v1_0_S00_AXI_inst/u_shake_sha2_top/u_sha2_top/u_sha256/buff[13][7]_i_1_n_0             | shake_sha2_ip_v1_0_S00_AXI_inst/u_shake_sha2_top/u_sha2_top/s00_axi_aresetn   |                3 |              8 |         2.67 |
|  s00_axi_aclk_IBUF_BUFG | shake_sha2_ip_v1_0_S00_AXI_inst/u_shake_sha2_top/u_sha2_top/u_sha256/buff[44][7]_i_1_n_0             | shake_sha2_ip_v1_0_S00_AXI_inst/u_shake_sha2_top/u_sha2_top/s00_axi_aresetn   |                3 |              8 |         2.67 |
|  s00_axi_aclk_IBUF_BUFG | shake_sha2_ip_v1_0_S00_AXI_inst/u_shake_sha2_top/u_sha2_top/u_sha256/buff[10][7]_i_1_n_0             | shake_sha2_ip_v1_0_S00_AXI_inst/u_shake_sha2_top/u_sha2_top/s00_axi_aresetn   |                5 |              8 |         1.60 |
|  s00_axi_aclk_IBUF_BUFG | shake_sha2_ip_v1_0_S00_AXI_inst/u_shake_sha2_top/u_sha2_top/u_sha256/buff[6][7]_i_1_n_0              | shake_sha2_ip_v1_0_S00_AXI_inst/u_shake_sha2_top/u_sha2_top/s00_axi_aresetn   |                5 |              8 |         1.60 |
|  s00_axi_aclk_IBUF_BUFG | shake_sha2_ip_v1_0_S00_AXI_inst/u_shake_sha2_top/u_sha2_top/u_sha256/buff[8][7]_i_1_n_0              | shake_sha2_ip_v1_0_S00_AXI_inst/u_shake_sha2_top/u_sha2_top/s00_axi_aresetn   |                3 |              8 |         2.67 |
|  s00_axi_aclk_IBUF_BUFG | shake_sha2_ip_v1_0_S00_AXI_inst/u_shake_sha2_top/u_sha2_top/u_sha256/buff[5][7]_i_1_n_0              | shake_sha2_ip_v1_0_S00_AXI_inst/u_shake_sha2_top/u_sha2_top/s00_axi_aresetn   |                4 |              8 |         2.00 |
|  s00_axi_aclk_IBUF_BUFG | shake_sha2_ip_v1_0_S00_AXI_inst/u_shake_sha2_top/u_sha2_top/u_sha256/buff[59][7]_i_1_n_0             | shake_sha2_ip_v1_0_S00_AXI_inst/u_shake_sha2_top/u_sha2_top/s00_axi_aresetn   |                3 |              8 |         2.67 |
|  s00_axi_aclk_IBUF_BUFG | shake_sha2_ip_v1_0_S00_AXI_inst/u_shake_sha2_top/u_sha2_top/u_sha256/buff[9][7]_i_1_n_0              | shake_sha2_ip_v1_0_S00_AXI_inst/u_shake_sha2_top/u_sha2_top/s00_axi_aresetn   |                2 |              8 |         4.00 |
|  s00_axi_aclk_IBUF_BUFG | shake_sha2_ip_v1_0_S00_AXI_inst/u_shake_sha2_top/u_sha2_top/u_sha256/buff[61][7]_i_1_n_0             | shake_sha2_ip_v1_0_S00_AXI_inst/u_shake_sha2_top/u_sha2_top/s00_axi_aresetn   |                3 |              8 |         2.67 |
|  s00_axi_aclk_IBUF_BUFG | shake_sha2_ip_v1_0_S00_AXI_inst/u_shake_sha2_top/u_sha2_top/u_sha256/buff[57][7]_i_1_n_0             | shake_sha2_ip_v1_0_S00_AXI_inst/u_shake_sha2_top/u_sha2_top/s00_axi_aresetn   |                3 |              8 |         2.67 |
|  s00_axi_aclk_IBUF_BUFG | shake_sha2_ip_v1_0_S00_AXI_inst/u_shake_sha2_top/u_sha2_top/u_sha256/buff[7][7]_i_1_n_0              | shake_sha2_ip_v1_0_S00_AXI_inst/u_shake_sha2_top/u_sha2_top/s00_axi_aresetn   |                4 |              8 |         2.00 |
|  s00_axi_aclk_IBUF_BUFG | shake_sha2_ip_v1_0_S00_AXI_inst/u_shake_sha2_top/u_sha2_top/u_sha256/buff[63][7]_i_1_n_0             | shake_sha2_ip_v1_0_S00_AXI_inst/u_shake_sha2_top/u_sha2_top/s00_axi_aresetn   |                6 |              8 |         1.33 |
|  s00_axi_aclk_IBUF_BUFG | shake_sha2_ip_v1_0_S00_AXI_inst/slv_reg4[7]_i_1_n_0                                                  | shake_sha2_ip_v1_0_S00_AXI_inst/u_shake_sha2_top/u_sha2_top/s00_axi_aresetn   |                2 |              8 |         4.00 |
|  s00_axi_aclk_IBUF_BUFG | shake_sha2_ip_v1_0_S00_AXI_inst/u_shake_sha2_top/u_sha2_top/u_sha256/buff[60][7]_i_1_n_0             | shake_sha2_ip_v1_0_S00_AXI_inst/u_shake_sha2_top/u_sha2_top/s00_axi_aresetn   |                4 |              8 |         2.00 |
|  s00_axi_aclk_IBUF_BUFG | shake_sha2_ip_v1_0_S00_AXI_inst/slv_reg3[23]_i_1_n_0                                                 | shake_sha2_ip_v1_0_S00_AXI_inst/u_shake_sha2_top/u_sha2_top/s00_axi_aresetn   |                4 |              8 |         2.00 |
|  s00_axi_aclk_IBUF_BUFG | shake_sha2_ip_v1_0_S00_AXI_inst/u_shake_sha2_top/u_sha2_top/u_sha256/buff[54][7]_i_1_n_0             | shake_sha2_ip_v1_0_S00_AXI_inst/u_shake_sha2_top/u_sha2_top/s00_axi_aresetn   |                3 |              8 |         2.67 |
|  s00_axi_aclk_IBUF_BUFG | shake_sha2_ip_v1_0_S00_AXI_inst/u_shake_sha2_top/u_sha2_top/u_sha256/buff[62][7]_i_1_n_0             | shake_sha2_ip_v1_0_S00_AXI_inst/u_shake_sha2_top/u_sha2_top/s00_axi_aresetn   |                4 |              8 |         2.00 |
|  s00_axi_aclk_IBUF_BUFG | shake_sha2_ip_v1_0_S00_AXI_inst/u_shake_sha2_top/u_sha2_top/u_sha256/buff[53][7]_i_1_n_0             | shake_sha2_ip_v1_0_S00_AXI_inst/u_shake_sha2_top/u_sha2_top/s00_axi_aresetn   |                4 |              8 |         2.00 |
|  s00_axi_aclk_IBUF_BUFG | shake_sha2_ip_v1_0_S00_AXI_inst/u_shake_sha2_top/u_sha2_top/u_sha256/buff[58][7]_i_1_n_0             | shake_sha2_ip_v1_0_S00_AXI_inst/u_shake_sha2_top/u_sha2_top/s00_axi_aresetn   |                3 |              8 |         2.67 |
|  s00_axi_aclk_IBUF_BUFG | shake_sha2_ip_v1_0_S00_AXI_inst/u_shake_sha2_top/u_sha2_top/u_sha256/buff[56][7]_i_1_n_0             | shake_sha2_ip_v1_0_S00_AXI_inst/u_shake_sha2_top/u_sha2_top/s00_axi_aresetn   |                3 |              8 |         2.67 |
|  s00_axi_aclk_IBUF_BUFG | shake_sha2_ip_v1_0_S00_AXI_inst/slv_reg5[15]_i_1_n_0                                                 | shake_sha2_ip_v1_0_S00_AXI_inst/u_shake_sha2_top/u_sha2_top/s00_axi_aresetn   |                3 |              8 |         2.67 |
|  s00_axi_aclk_IBUF_BUFG | shake_sha2_ip_v1_0_S00_AXI_inst/slv_reg4[23]_i_1_n_0                                                 | shake_sha2_ip_v1_0_S00_AXI_inst/u_shake_sha2_top/u_sha2_top/s00_axi_aresetn   |                4 |              8 |         2.00 |
|  s00_axi_aclk_IBUF_BUFG | shake_sha2_ip_v1_0_S00_AXI_inst/u_shake_sha2_top/u_sha2_top/u_sha512/buff[103][7]_i_1_n_0            | shake_sha2_ip_v1_0_S00_AXI_inst/u_shake_sha2_top/u_sha2_top/s00_axi_aresetn   |                4 |              8 |         2.00 |
|  s00_axi_aclk_IBUF_BUFG | shake_sha2_ip_v1_0_S00_AXI_inst/u_shake_sha2_top/u_sha2_top/u_sha512/buff[106][7]_i_1_n_0            | shake_sha2_ip_v1_0_S00_AXI_inst/u_shake_sha2_top/u_sha2_top/s00_axi_aresetn   |                3 |              8 |         2.67 |
|  s00_axi_aclk_IBUF_BUFG | shake_sha2_ip_v1_0_S00_AXI_inst/u_shake_sha2_top/u_sha2_top/u_sha512/buff[107][7]_i_1_n_0            | shake_sha2_ip_v1_0_S00_AXI_inst/u_shake_sha2_top/u_sha2_top/s00_axi_aresetn   |                4 |              8 |         2.00 |
|  s00_axi_aclk_IBUF_BUFG | shake_sha2_ip_v1_0_S00_AXI_inst/u_shake_sha2_top/u_sha2_top/u_sha512/buff[104][7]_i_1_n_0            | shake_sha2_ip_v1_0_S00_AXI_inst/u_shake_sha2_top/u_sha2_top/s00_axi_aresetn   |                2 |              8 |         4.00 |
|  s00_axi_aclk_IBUF_BUFG | shake_sha2_ip_v1_0_S00_AXI_inst/u_shake_sha2_top/u_sha2_top/u_sha512/buff[105][7]_i_1_n_0            | shake_sha2_ip_v1_0_S00_AXI_inst/u_shake_sha2_top/u_sha2_top/s00_axi_aresetn   |                3 |              8 |         2.67 |
|  s00_axi_aclk_IBUF_BUFG | shake_sha2_ip_v1_0_S00_AXI_inst/u_shake_sha2_top/u_sha2_top/u_sha512/buff[108][7]_i_1_n_0            | shake_sha2_ip_v1_0_S00_AXI_inst/u_shake_sha2_top/u_sha2_top/s00_axi_aresetn   |                3 |              8 |         2.67 |
|  s00_axi_aclk_IBUF_BUFG | shake_sha2_ip_v1_0_S00_AXI_inst/u_shake_sha2_top/u_sha2_top/u_sha512/buff[100][7]_i_1_n_0            | shake_sha2_ip_v1_0_S00_AXI_inst/u_shake_sha2_top/u_sha2_top/s00_axi_aresetn   |                4 |              8 |         2.00 |
|  s00_axi_aclk_IBUF_BUFG | shake_sha2_ip_v1_0_S00_AXI_inst/u_shake_sha2_top/u_sha2_top/u_sha512/buff[101][7]_i_1_n_0            | shake_sha2_ip_v1_0_S00_AXI_inst/u_shake_sha2_top/u_sha2_top/s00_axi_aresetn   |                3 |              8 |         2.67 |
|  s00_axi_aclk_IBUF_BUFG | shake_sha2_ip_v1_0_S00_AXI_inst/u_shake_sha2_top/u_sha2_top/u_sha512/buff[0][7]_i_1__0_n_0           | shake_sha2_ip_v1_0_S00_AXI_inst/u_shake_sha2_top/u_sha2_top/s00_axi_aresetn   |                3 |              8 |         2.67 |
|  s00_axi_aclk_IBUF_BUFG | shake_sha2_ip_v1_0_S00_AXI_inst/u_shake_sha2_top/u_sha2_top/u_sha512/buff[102][7]_i_1_n_0            | shake_sha2_ip_v1_0_S00_AXI_inst/u_shake_sha2_top/u_sha2_top/s00_axi_aresetn   |                4 |              8 |         2.00 |
|  s00_axi_aclk_IBUF_BUFG | shake_sha2_ip_v1_0_S00_AXI_inst/u_shake_sha2_top/u_sha2_top/u_sha512/buff[18][7]_i_1__0_n_0          | shake_sha2_ip_v1_0_S00_AXI_inst/u_shake_sha2_top/u_sha2_top/s00_axi_aresetn   |                4 |              8 |         2.00 |
|  s00_axi_aclk_IBUF_BUFG | shake_sha2_ip_v1_0_S00_AXI_inst/u_shake_sha2_top/u_sha2_top/u_sha512/buff[22][7]_i_1__0_n_0          | shake_sha2_ip_v1_0_S00_AXI_inst/u_shake_sha2_top/u_sha2_top/s00_axi_aresetn   |                4 |              8 |         2.00 |
|  s00_axi_aclk_IBUF_BUFG | shake_sha2_ip_v1_0_S00_AXI_inst/u_shake_sha2_top/u_sha2_top/u_sha512/buff[123][7]_i_1_n_0            | shake_sha2_ip_v1_0_S00_AXI_inst/u_shake_sha2_top/u_sha2_top/s00_axi_aresetn   |                2 |              8 |         4.00 |
|  s00_axi_aclk_IBUF_BUFG | shake_sha2_ip_v1_0_S00_AXI_inst/u_shake_sha2_top/u_sha2_top/u_sha512/buff[14][7]_i_1__0_n_0          | shake_sha2_ip_v1_0_S00_AXI_inst/u_shake_sha2_top/u_sha2_top/s00_axi_aresetn   |                4 |              8 |         2.00 |
|  s00_axi_aclk_IBUF_BUFG | shake_sha2_ip_v1_0_S00_AXI_inst/u_shake_sha2_top/u_sha2_top/u_sha512/buff[16][7]_i_1__0_n_0          | shake_sha2_ip_v1_0_S00_AXI_inst/u_shake_sha2_top/u_sha2_top/s00_axi_aresetn   |                4 |              8 |         2.00 |
|  s00_axi_aclk_IBUF_BUFG | shake_sha2_ip_v1_0_S00_AXI_inst/u_shake_sha2_top/u_sha2_top/u_sha512/buff[10][7]_i_1__0_n_0          | shake_sha2_ip_v1_0_S00_AXI_inst/u_shake_sha2_top/u_sha2_top/s00_axi_aresetn   |                5 |              8 |         1.60 |
|  s00_axi_aclk_IBUF_BUFG | shake_sha2_ip_v1_0_S00_AXI_inst/u_shake_sha2_top/u_sha2_top/u_sha512/buff[116][7]_i_1_n_0            | shake_sha2_ip_v1_0_S00_AXI_inst/u_shake_sha2_top/u_sha2_top/s00_axi_aresetn   |                3 |              8 |         2.67 |
|  s00_axi_aclk_IBUF_BUFG | shake_sha2_ip_v1_0_S00_AXI_inst/u_shake_sha2_top/u_sha2_top/u_sha512/buff[11][7]_i_1__0_n_0          | shake_sha2_ip_v1_0_S00_AXI_inst/u_shake_sha2_top/u_sha2_top/s00_axi_aresetn   |                4 |              8 |         2.00 |
|  s00_axi_aclk_IBUF_BUFG | shake_sha2_ip_v1_0_S00_AXI_inst/u_shake_sha2_top/u_sha2_top/u_sha512/buff[124][7]_i_1_n_0            | shake_sha2_ip_v1_0_S00_AXI_inst/u_shake_sha2_top/u_sha2_top/s00_axi_aresetn   |                2 |              8 |         4.00 |
|  s00_axi_aclk_IBUF_BUFG | shake_sha2_ip_v1_0_S00_AXI_inst/u_shake_sha2_top/u_sha2_top/u_sha512/buff[12][7]_i_1__0_n_0          | shake_sha2_ip_v1_0_S00_AXI_inst/u_shake_sha2_top/u_sha2_top/s00_axi_aresetn   |                4 |              8 |         2.00 |
|  s00_axi_aclk_IBUF_BUFG | shake_sha2_ip_v1_0_S00_AXI_inst/u_shake_sha2_top/u_sha2_top/u_sha512/buff[15][7]_i_1__0_n_0          | shake_sha2_ip_v1_0_S00_AXI_inst/u_shake_sha2_top/u_sha2_top/s00_axi_aresetn   |                5 |              8 |         1.60 |
|  s00_axi_aclk_IBUF_BUFG | shake_sha2_ip_v1_0_S00_AXI_inst/u_shake_sha2_top/u_sha2_top/u_sha512/buff[118][7]_i_1_n_0            | shake_sha2_ip_v1_0_S00_AXI_inst/u_shake_sha2_top/u_sha2_top/s00_axi_aresetn   |                4 |              8 |         2.00 |
|  s00_axi_aclk_IBUF_BUFG | shake_sha2_ip_v1_0_S00_AXI_inst/u_shake_sha2_top/u_sha2_top/u_sha512/buff[20][7]_i_1__0_n_0          | shake_sha2_ip_v1_0_S00_AXI_inst/u_shake_sha2_top/u_sha2_top/s00_axi_aresetn   |                4 |              8 |         2.00 |
|  s00_axi_aclk_IBUF_BUFG | shake_sha2_ip_v1_0_S00_AXI_inst/u_shake_sha2_top/u_sha2_top/u_sha512/buff[25][7]_i_1__0_n_0          | shake_sha2_ip_v1_0_S00_AXI_inst/u_shake_sha2_top/u_sha2_top/s00_axi_aresetn   |                3 |              8 |         2.67 |
|  s00_axi_aclk_IBUF_BUFG | shake_sha2_ip_v1_0_S00_AXI_inst/u_shake_sha2_top/u_sha2_top/u_sha512/buff[26][7]_i_1__0_n_0          | shake_sha2_ip_v1_0_S00_AXI_inst/u_shake_sha2_top/u_sha2_top/s00_axi_aresetn   |                4 |              8 |         2.00 |
|  s00_axi_aclk_IBUF_BUFG | shake_sha2_ip_v1_0_S00_AXI_inst/u_shake_sha2_top/u_sha2_top/u_sha512/buff[27][7]_i_1__0_n_0          | shake_sha2_ip_v1_0_S00_AXI_inst/u_shake_sha2_top/u_sha2_top/s00_axi_aresetn   |                4 |              8 |         2.00 |
|  s00_axi_aclk_IBUF_BUFG | shake_sha2_ip_v1_0_S00_AXI_inst/u_shake_sha2_top/u_sha2_top/u_sha512/buff[126][7]_i_1_n_0            | shake_sha2_ip_v1_0_S00_AXI_inst/u_shake_sha2_top/u_sha2_top/s00_axi_aresetn   |                3 |              8 |         2.67 |
|  s00_axi_aclk_IBUF_BUFG | shake_sha2_ip_v1_0_S00_AXI_inst/u_shake_sha2_top/u_sha2_top/u_sha512/buff[111][7]_i_1_n_0            | shake_sha2_ip_v1_0_S00_AXI_inst/u_shake_sha2_top/u_sha2_top/s00_axi_aresetn   |                3 |              8 |         2.67 |
|  s00_axi_aclk_IBUF_BUFG | shake_sha2_ip_v1_0_S00_AXI_inst/u_shake_sha2_top/u_sha2_top/u_sha512/buff[122][7]_i_1_n_0            | shake_sha2_ip_v1_0_S00_AXI_inst/u_shake_sha2_top/u_sha2_top/s00_axi_aresetn   |                3 |              8 |         2.67 |
|  s00_axi_aclk_IBUF_BUFG | shake_sha2_ip_v1_0_S00_AXI_inst/u_shake_sha2_top/u_sha2_top/u_sha512/buff[113][7]_i_1_n_0            | shake_sha2_ip_v1_0_S00_AXI_inst/u_shake_sha2_top/u_sha2_top/s00_axi_aresetn   |                2 |              8 |         4.00 |
|  s00_axi_aclk_IBUF_BUFG | shake_sha2_ip_v1_0_S00_AXI_inst/u_shake_sha2_top/u_sha2_top/u_sha512/buff[117][7]_i_1_n_0            | shake_sha2_ip_v1_0_S00_AXI_inst/u_shake_sha2_top/u_sha2_top/s00_axi_aresetn   |                3 |              8 |         2.67 |
|  s00_axi_aclk_IBUF_BUFG | shake_sha2_ip_v1_0_S00_AXI_inst/u_shake_sha2_top/u_sha2_top/u_sha512/buff[17][7]_i_1__0_n_0          | shake_sha2_ip_v1_0_S00_AXI_inst/u_shake_sha2_top/u_sha2_top/s00_axi_aresetn   |                2 |              8 |         4.00 |
|  s00_axi_aclk_IBUF_BUFG | shake_sha2_ip_v1_0_S00_AXI_inst/u_shake_sha2_top/u_sha2_top/u_sha512/buff[19][7]_i_1__0_n_0          | shake_sha2_ip_v1_0_S00_AXI_inst/u_shake_sha2_top/u_sha2_top/s00_axi_aresetn   |                4 |              8 |         2.00 |
|  s00_axi_aclk_IBUF_BUFG | shake_sha2_ip_v1_0_S00_AXI_inst/u_shake_sha2_top/u_sha2_top/u_sha512/buff[125][7]_i_1_n_0            | shake_sha2_ip_v1_0_S00_AXI_inst/u_shake_sha2_top/u_sha2_top/s00_axi_aresetn   |                3 |              8 |         2.67 |
|  s00_axi_aclk_IBUF_BUFG | shake_sha2_ip_v1_0_S00_AXI_inst/u_shake_sha2_top/u_sha2_top/u_sha512/buff[109][7]_i_1_n_0            | shake_sha2_ip_v1_0_S00_AXI_inst/u_shake_sha2_top/u_sha2_top/s00_axi_aresetn   |                4 |              8 |         2.00 |
|  s00_axi_aclk_IBUF_BUFG | shake_sha2_ip_v1_0_S00_AXI_inst/u_shake_sha2_top/u_sha2_top/u_sha512/buff[1][7]_i_1__0_n_0           | shake_sha2_ip_v1_0_S00_AXI_inst/u_shake_sha2_top/u_sha2_top/s00_axi_aresetn   |                3 |              8 |         2.67 |
|  s00_axi_aclk_IBUF_BUFG | shake_sha2_ip_v1_0_S00_AXI_inst/u_shake_sha2_top/u_sha2_top/u_sha512/buff[114][7]_i_1_n_0            | shake_sha2_ip_v1_0_S00_AXI_inst/u_shake_sha2_top/u_sha2_top/s00_axi_aresetn   |                3 |              8 |         2.67 |
|  s00_axi_aclk_IBUF_BUFG | shake_sha2_ip_v1_0_S00_AXI_inst/u_shake_sha2_top/u_sha2_top/u_sha512/buff[23][7]_i_1__0_n_0          | shake_sha2_ip_v1_0_S00_AXI_inst/u_shake_sha2_top/u_sha2_top/s00_axi_aresetn   |                3 |              8 |         2.67 |
|  s00_axi_aclk_IBUF_BUFG | shake_sha2_ip_v1_0_S00_AXI_inst/u_shake_sha2_top/u_sha2_top/u_sha512/buff[21][7]_i_1__0_n_0          | shake_sha2_ip_v1_0_S00_AXI_inst/u_shake_sha2_top/u_sha2_top/s00_axi_aresetn   |                3 |              8 |         2.67 |
|  s00_axi_aclk_IBUF_BUFG | shake_sha2_ip_v1_0_S00_AXI_inst/u_shake_sha2_top/u_sha2_top/u_sha512/buff[28][7]_i_1__0_n_0          | shake_sha2_ip_v1_0_S00_AXI_inst/u_shake_sha2_top/u_sha2_top/s00_axi_aresetn   |                3 |              8 |         2.67 |
|  s00_axi_aclk_IBUF_BUFG | shake_sha2_ip_v1_0_S00_AXI_inst/u_shake_sha2_top/u_sha2_top/u_sha512/buff[29][7]_i_1__0_n_0          | shake_sha2_ip_v1_0_S00_AXI_inst/u_shake_sha2_top/u_sha2_top/s00_axi_aresetn   |                3 |              8 |         2.67 |
|  s00_axi_aclk_IBUF_BUFG | shake_sha2_ip_v1_0_S00_AXI_inst/u_shake_sha2_top/u_sha2_top/u_sha512/buff[24][7]_i_1__0_n_0          | shake_sha2_ip_v1_0_S00_AXI_inst/u_shake_sha2_top/u_sha2_top/s00_axi_aresetn   |                4 |              8 |         2.00 |
|  s00_axi_aclk_IBUF_BUFG | shake_sha2_ip_v1_0_S00_AXI_inst/u_shake_sha2_top/u_sha2_top/u_sha512/buff[119][7]_i_1_n_0            | shake_sha2_ip_v1_0_S00_AXI_inst/u_shake_sha2_top/u_sha2_top/s00_axi_aresetn   |                4 |              8 |         2.00 |
|  s00_axi_aclk_IBUF_BUFG | shake_sha2_ip_v1_0_S00_AXI_inst/u_shake_sha2_top/u_sha2_top/u_sha512/buff[115][7]_i_1_n_0            | shake_sha2_ip_v1_0_S00_AXI_inst/u_shake_sha2_top/u_sha2_top/s00_axi_aresetn   |                3 |              8 |         2.67 |
|  s00_axi_aclk_IBUF_BUFG | shake_sha2_ip_v1_0_S00_AXI_inst/u_shake_sha2_top/u_sha2_top/u_sha512/buff[110][7]_i_1_n_0            | shake_sha2_ip_v1_0_S00_AXI_inst/u_shake_sha2_top/u_sha2_top/s00_axi_aresetn   |                4 |              8 |         2.00 |
|  s00_axi_aclk_IBUF_BUFG | shake_sha2_ip_v1_0_S00_AXI_inst/u_shake_sha2_top/u_sha2_top/u_sha512/buff[112][7]_i_1_n_0            | shake_sha2_ip_v1_0_S00_AXI_inst/u_shake_sha2_top/u_sha2_top/s00_axi_aresetn   |                2 |              8 |         4.00 |
|  s00_axi_aclk_IBUF_BUFG | shake_sha2_ip_v1_0_S00_AXI_inst/u_shake_sha2_top/u_sha2_top/u_sha512/buff[13][7]_i_1__0_n_0          | shake_sha2_ip_v1_0_S00_AXI_inst/u_shake_sha2_top/u_sha2_top/s00_axi_aresetn   |                3 |              8 |         2.67 |
|  s00_axi_aclk_IBUF_BUFG | shake_sha2_ip_v1_0_S00_AXI_inst/u_shake_sha2_top/u_sha2_top/u_sha512/buff[120][7]_i_1_n_0            | shake_sha2_ip_v1_0_S00_AXI_inst/u_shake_sha2_top/u_sha2_top/s00_axi_aresetn   |                2 |              8 |         4.00 |
|  s00_axi_aclk_IBUF_BUFG | shake_sha2_ip_v1_0_S00_AXI_inst/u_shake_sha2_top/u_sha2_top/u_sha512/buff[127][7]_i_1_n_0            | shake_sha2_ip_v1_0_S00_AXI_inst/u_shake_sha2_top/u_sha2_top/s00_axi_aresetn   |                4 |              8 |         2.00 |
|  s00_axi_aclk_IBUF_BUFG | shake_sha2_ip_v1_0_S00_AXI_inst/u_shake_sha2_top/u_sha2_top/u_sha512/buff[121][7]_i_1_n_0            | shake_sha2_ip_v1_0_S00_AXI_inst/u_shake_sha2_top/u_sha2_top/s00_axi_aresetn   |                2 |              8 |         4.00 |
|  s00_axi_aclk_IBUF_BUFG | shake_sha2_ip_v1_0_S00_AXI_inst/u_shake_sha2_top/u_sha2_top/u_sha512/buff[36][7]_i_1__0_n_0          | shake_sha2_ip_v1_0_S00_AXI_inst/u_shake_sha2_top/u_sha2_top/s00_axi_aresetn   |                4 |              8 |         2.00 |
|  s00_axi_aclk_IBUF_BUFG | shake_sha2_ip_v1_0_S00_AXI_inst/u_shake_sha2_top/u_sha2_top/u_sha512/buff[60][7]_i_1__0_n_0          | shake_sha2_ip_v1_0_S00_AXI_inst/u_shake_sha2_top/u_sha2_top/s00_axi_aresetn   |                3 |              8 |         2.67 |
|  s00_axi_aclk_IBUF_BUFG | shake_sha2_ip_v1_0_S00_AXI_inst/u_shake_sha2_top/u_sha2_top/u_sha512/buff[61][7]_i_1__0_n_0          | shake_sha2_ip_v1_0_S00_AXI_inst/u_shake_sha2_top/u_sha2_top/s00_axi_aresetn   |                4 |              8 |         2.00 |
|  s00_axi_aclk_IBUF_BUFG | shake_sha2_ip_v1_0_S00_AXI_inst/u_shake_sha2_top/u_sha2_top/u_sha512/buff[50][7]_i_1__0_n_0          | shake_sha2_ip_v1_0_S00_AXI_inst/u_shake_sha2_top/u_sha2_top/s00_axi_aresetn   |                6 |              8 |         1.33 |
|  s00_axi_aclk_IBUF_BUFG | shake_sha2_ip_v1_0_S00_AXI_inst/u_shake_sha2_top/u_sha2_top/u_sha512/buff[38][7]_i_1__0_n_0          | shake_sha2_ip_v1_0_S00_AXI_inst/u_shake_sha2_top/u_sha2_top/s00_axi_aresetn   |                4 |              8 |         2.00 |
|  s00_axi_aclk_IBUF_BUFG | shake_sha2_ip_v1_0_S00_AXI_inst/u_shake_sha2_top/u_sha2_top/u_sha512/buff[56][7]_i_1__0_n_0          | shake_sha2_ip_v1_0_S00_AXI_inst/u_shake_sha2_top/u_sha2_top/s00_axi_aresetn   |                4 |              8 |         2.00 |
|  s00_axi_aclk_IBUF_BUFG | shake_sha2_ip_v1_0_S00_AXI_inst/u_shake_sha2_top/u_sha2_top/u_sha512/buff[59][7]_i_1__0_n_0          | shake_sha2_ip_v1_0_S00_AXI_inst/u_shake_sha2_top/u_sha2_top/s00_axi_aresetn   |                4 |              8 |         2.00 |
|  s00_axi_aclk_IBUF_BUFG | shake_sha2_ip_v1_0_S00_AXI_inst/u_shake_sha2_top/u_sha2_top/u_sha512/buff[62][7]_i_1__0_n_0          | shake_sha2_ip_v1_0_S00_AXI_inst/u_shake_sha2_top/u_sha2_top/s00_axi_aresetn   |                4 |              8 |         2.00 |
|  s00_axi_aclk_IBUF_BUFG | shake_sha2_ip_v1_0_S00_AXI_inst/u_shake_sha2_top/u_sha2_top/u_sha512/buff[63][7]_i_1__0_n_0          | shake_sha2_ip_v1_0_S00_AXI_inst/u_shake_sha2_top/u_sha2_top/s00_axi_aresetn   |                4 |              8 |         2.00 |
|  s00_axi_aclk_IBUF_BUFG | shake_sha2_ip_v1_0_S00_AXI_inst/u_shake_sha2_top/u_sha2_top/u_sha512/buff[45][7]_i_1__0_n_0          | shake_sha2_ip_v1_0_S00_AXI_inst/u_shake_sha2_top/u_sha2_top/s00_axi_aresetn   |                4 |              8 |         2.00 |
|  s00_axi_aclk_IBUF_BUFG | shake_sha2_ip_v1_0_S00_AXI_inst/u_shake_sha2_top/u_sha2_top/u_sha512/buff[32][7]_i_1__0_n_0          | shake_sha2_ip_v1_0_S00_AXI_inst/u_shake_sha2_top/u_sha2_top/s00_axi_aresetn   |                4 |              8 |         2.00 |
|  s00_axi_aclk_IBUF_BUFG | shake_sha2_ip_v1_0_S00_AXI_inst/u_shake_sha2_top/u_sha2_top/u_sha512/buff[40][7]_i_1__0_n_0          | shake_sha2_ip_v1_0_S00_AXI_inst/u_shake_sha2_top/u_sha2_top/s00_axi_aresetn   |                5 |              8 |         1.60 |
|  s00_axi_aclk_IBUF_BUFG | shake_sha2_ip_v1_0_S00_AXI_inst/u_shake_sha2_top/u_sha2_top/u_sha512/buff[42][7]_i_1__0_n_0          | shake_sha2_ip_v1_0_S00_AXI_inst/u_shake_sha2_top/u_sha2_top/s00_axi_aresetn   |                5 |              8 |         1.60 |
|  s00_axi_aclk_IBUF_BUFG | shake_sha2_ip_v1_0_S00_AXI_inst/u_shake_sha2_top/u_sha2_top/u_sha512/buff[31][7]_i_1__0_n_0          | shake_sha2_ip_v1_0_S00_AXI_inst/u_shake_sha2_top/u_sha2_top/s00_axi_aresetn   |                5 |              8 |         1.60 |
|  s00_axi_aclk_IBUF_BUFG | shake_sha2_ip_v1_0_S00_AXI_inst/u_shake_sha2_top/u_sha2_top/u_sha512/buff[47][7]_i_1__0_n_0          | shake_sha2_ip_v1_0_S00_AXI_inst/u_shake_sha2_top/u_sha2_top/s00_axi_aresetn   |                5 |              8 |         1.60 |
|  s00_axi_aclk_IBUF_BUFG | shake_sha2_ip_v1_0_S00_AXI_inst/u_shake_sha2_top/u_sha2_top/u_sha512/buff[41][7]_i_1__0_n_0          | shake_sha2_ip_v1_0_S00_AXI_inst/u_shake_sha2_top/u_sha2_top/s00_axi_aresetn   |                3 |              8 |         2.67 |
|  s00_axi_aclk_IBUF_BUFG | shake_sha2_ip_v1_0_S00_AXI_inst/u_shake_sha2_top/u_sha2_top/u_sha512/buff[51][7]_i_1__0_n_0          | shake_sha2_ip_v1_0_S00_AXI_inst/u_shake_sha2_top/u_sha2_top/s00_axi_aresetn   |                4 |              8 |         2.00 |
|  s00_axi_aclk_IBUF_BUFG | shake_sha2_ip_v1_0_S00_AXI_inst/u_shake_sha2_top/u_sha2_top/u_sha512/buff[54][7]_i_1__0_n_0          | shake_sha2_ip_v1_0_S00_AXI_inst/u_shake_sha2_top/u_sha2_top/s00_axi_aresetn   |                3 |              8 |         2.67 |
|  s00_axi_aclk_IBUF_BUFG | shake_sha2_ip_v1_0_S00_AXI_inst/u_shake_sha2_top/u_sha2_top/u_sha512/buff[37][7]_i_1__0_n_0          | shake_sha2_ip_v1_0_S00_AXI_inst/u_shake_sha2_top/u_sha2_top/s00_axi_aresetn   |                2 |              8 |         4.00 |
|  s00_axi_aclk_IBUF_BUFG | shake_sha2_ip_v1_0_S00_AXI_inst/u_shake_sha2_top/u_sha2_top/u_sha512/buff[43][7]_i_1__0_n_0          | shake_sha2_ip_v1_0_S00_AXI_inst/u_shake_sha2_top/u_sha2_top/s00_axi_aresetn   |                4 |              8 |         2.00 |
|  s00_axi_aclk_IBUF_BUFG | shake_sha2_ip_v1_0_S00_AXI_inst/u_shake_sha2_top/u_sha2_top/u_sha512/buff[48][7]_i_1__0_n_0          | shake_sha2_ip_v1_0_S00_AXI_inst/u_shake_sha2_top/u_sha2_top/s00_axi_aresetn   |                4 |              8 |         2.00 |
|  s00_axi_aclk_IBUF_BUFG | shake_sha2_ip_v1_0_S00_AXI_inst/u_shake_sha2_top/u_sha2_top/u_sha512/buff[44][7]_i_1__0_n_0          | shake_sha2_ip_v1_0_S00_AXI_inst/u_shake_sha2_top/u_sha2_top/s00_axi_aresetn   |                3 |              8 |         2.67 |
|  s00_axi_aclk_IBUF_BUFG | shake_sha2_ip_v1_0_S00_AXI_inst/u_shake_sha2_top/u_sha2_top/u_sha512/buff[34][7]_i_1__0_n_0          | shake_sha2_ip_v1_0_S00_AXI_inst/u_shake_sha2_top/u_sha2_top/s00_axi_aresetn   |                3 |              8 |         2.67 |
|  s00_axi_aclk_IBUF_BUFG | shake_sha2_ip_v1_0_S00_AXI_inst/u_shake_sha2_top/u_sha2_top/u_sha512/buff[35][7]_i_1__0_n_0          | shake_sha2_ip_v1_0_S00_AXI_inst/u_shake_sha2_top/u_sha2_top/s00_axi_aresetn   |                4 |              8 |         2.00 |
|  s00_axi_aclk_IBUF_BUFG | shake_sha2_ip_v1_0_S00_AXI_inst/u_shake_sha2_top/u_sha2_top/u_sha512/buff[55][7]_i_1__0_n_0          | shake_sha2_ip_v1_0_S00_AXI_inst/u_shake_sha2_top/u_sha2_top/s00_axi_aresetn   |                4 |              8 |         2.00 |
|  s00_axi_aclk_IBUF_BUFG | shake_sha2_ip_v1_0_S00_AXI_inst/u_shake_sha2_top/u_sha2_top/u_sha512/buff[58][7]_i_1__0_n_0          | shake_sha2_ip_v1_0_S00_AXI_inst/u_shake_sha2_top/u_sha2_top/s00_axi_aresetn   |                5 |              8 |         1.60 |
|  s00_axi_aclk_IBUF_BUFG | shake_sha2_ip_v1_0_S00_AXI_inst/u_shake_sha2_top/u_sha2_top/u_sha512/buff[5][7]_i_1__0_n_0           | shake_sha2_ip_v1_0_S00_AXI_inst/u_shake_sha2_top/u_sha2_top/s00_axi_aresetn   |                4 |              8 |         2.00 |
|  s00_axi_aclk_IBUF_BUFG | shake_sha2_ip_v1_0_S00_AXI_inst/u_shake_sha2_top/u_sha2_top/u_sha512/buff[33][7]_i_1__0_n_0          | shake_sha2_ip_v1_0_S00_AXI_inst/u_shake_sha2_top/u_sha2_top/s00_axi_aresetn   |                3 |              8 |         2.67 |
|  s00_axi_aclk_IBUF_BUFG | shake_sha2_ip_v1_0_S00_AXI_inst/u_shake_sha2_top/u_sha2_top/u_sha512/buff[4][7]_i_1__0_n_0           | shake_sha2_ip_v1_0_S00_AXI_inst/u_shake_sha2_top/u_sha2_top/s00_axi_aresetn   |                4 |              8 |         2.00 |
|  s00_axi_aclk_IBUF_BUFG | shake_sha2_ip_v1_0_S00_AXI_inst/u_shake_sha2_top/u_sha2_top/u_sha512/buff[2][7]_i_1__0_n_0           | shake_sha2_ip_v1_0_S00_AXI_inst/u_shake_sha2_top/u_sha2_top/s00_axi_aresetn   |                3 |              8 |         2.67 |
|  s00_axi_aclk_IBUF_BUFG | shake_sha2_ip_v1_0_S00_AXI_inst/u_shake_sha2_top/u_sha2_top/u_sha512/buff[46][7]_i_1__0_n_0          | shake_sha2_ip_v1_0_S00_AXI_inst/u_shake_sha2_top/u_sha2_top/s00_axi_aresetn   |                2 |              8 |         4.00 |
|  s00_axi_aclk_IBUF_BUFG | shake_sha2_ip_v1_0_S00_AXI_inst/u_shake_sha2_top/u_sha2_top/u_sha512/buff[53][7]_i_1__0_n_0          | shake_sha2_ip_v1_0_S00_AXI_inst/u_shake_sha2_top/u_sha2_top/s00_axi_aresetn   |                2 |              8 |         4.00 |
|  s00_axi_aclk_IBUF_BUFG | shake_sha2_ip_v1_0_S00_AXI_inst/u_shake_sha2_top/u_sha2_top/u_sha512/buff[30][7]_i_1__0_n_0          | shake_sha2_ip_v1_0_S00_AXI_inst/u_shake_sha2_top/u_sha2_top/s00_axi_aresetn   |                3 |              8 |         2.67 |
|  s00_axi_aclk_IBUF_BUFG | shake_sha2_ip_v1_0_S00_AXI_inst/u_shake_sha2_top/u_sha2_top/u_sha512/buff[3][7]_i_1__0_n_0           | shake_sha2_ip_v1_0_S00_AXI_inst/u_shake_sha2_top/u_sha2_top/s00_axi_aresetn   |                3 |              8 |         2.67 |
|  s00_axi_aclk_IBUF_BUFG | shake_sha2_ip_v1_0_S00_AXI_inst/u_shake_sha2_top/u_sha2_top/u_sha512/buff[49][7]_i_1__0_n_0          | shake_sha2_ip_v1_0_S00_AXI_inst/u_shake_sha2_top/u_sha2_top/s00_axi_aresetn   |                3 |              8 |         2.67 |
|  s00_axi_aclk_IBUF_BUFG | shake_sha2_ip_v1_0_S00_AXI_inst/u_shake_sha2_top/u_sha2_top/u_sha512/buff[52][7]_i_1__0_n_0          | shake_sha2_ip_v1_0_S00_AXI_inst/u_shake_sha2_top/u_sha2_top/s00_axi_aresetn   |                3 |              8 |         2.67 |
|  s00_axi_aclk_IBUF_BUFG | shake_sha2_ip_v1_0_S00_AXI_inst/u_shake_sha2_top/u_sha2_top/u_sha512/buff[39][7]_i_1__0_n_0          | shake_sha2_ip_v1_0_S00_AXI_inst/u_shake_sha2_top/u_sha2_top/s00_axi_aresetn   |                5 |              8 |         1.60 |
|  s00_axi_aclk_IBUF_BUFG | shake_sha2_ip_v1_0_S00_AXI_inst/u_shake_sha2_top/u_sha2_top/u_sha512/buff[57][7]_i_1__0_n_0          | shake_sha2_ip_v1_0_S00_AXI_inst/u_shake_sha2_top/u_sha2_top/s00_axi_aresetn   |                3 |              8 |         2.67 |
|  s00_axi_aclk_IBUF_BUFG | shake_sha2_ip_v1_0_S00_AXI_inst/u_shake_sha2_top/u_sha2_top/u_sha512/buff[93][7]_i_1_n_0             | shake_sha2_ip_v1_0_S00_AXI_inst/u_shake_sha2_top/u_sha2_top/s00_axi_aresetn   |                4 |              8 |         2.00 |
|  s00_axi_aclk_IBUF_BUFG | shake_sha2_ip_v1_0_S00_AXI_inst/u_shake_sha2_top/u_sha2_top/u_sha512/buff[88][7]_i_1_n_0             | shake_sha2_ip_v1_0_S00_AXI_inst/u_shake_sha2_top/u_sha2_top/s00_axi_aresetn   |                2 |              8 |         4.00 |
|  s00_axi_aclk_IBUF_BUFG | shake_sha2_ip_v1_0_S00_AXI_inst/u_shake_sha2_top/u_sha2_top/u_sha512/buff[94][7]_i_1_n_0             | shake_sha2_ip_v1_0_S00_AXI_inst/u_shake_sha2_top/u_sha2_top/s00_axi_aresetn   |                4 |              8 |         2.00 |
|  s00_axi_aclk_IBUF_BUFG | shake_sha2_ip_v1_0_S00_AXI_inst/u_shake_sha2_top/u_sha2_top/u_sha512/buff[96][7]_i_1_n_0             | shake_sha2_ip_v1_0_S00_AXI_inst/u_shake_sha2_top/u_sha2_top/s00_axi_aresetn   |                2 |              8 |         4.00 |
|  s00_axi_aclk_IBUF_BUFG | shake_sha2_ip_v1_0_S00_AXI_inst/u_shake_sha2_top/u_sha2_top/u_sha512/buff[64][7]_i_1_n_0             | shake_sha2_ip_v1_0_S00_AXI_inst/u_shake_sha2_top/u_sha2_top/s00_axi_aresetn   |                2 |              8 |         4.00 |
|  s00_axi_aclk_IBUF_BUFG | shake_sha2_ip_v1_0_S00_AXI_inst/u_shake_sha2_top/u_sha2_top/u_sha512/buff[97][7]_i_1_n_0             | shake_sha2_ip_v1_0_S00_AXI_inst/u_shake_sha2_top/u_sha2_top/s00_axi_aresetn   |                2 |              8 |         4.00 |
|  s00_axi_aclk_IBUF_BUFG | shake_sha2_ip_v1_0_S00_AXI_inst/u_shake_sha2_top/u_sha2_top/u_sha512/buff[66][7]_i_1_n_0             | shake_sha2_ip_v1_0_S00_AXI_inst/u_shake_sha2_top/u_sha2_top/s00_axi_aresetn   |                3 |              8 |         2.67 |
|  s00_axi_aclk_IBUF_BUFG | shake_sha2_ip_v1_0_S00_AXI_inst/u_shake_sha2_top/u_sha2_top/u_sha512/buff[69][7]_i_1_n_0             | shake_sha2_ip_v1_0_S00_AXI_inst/u_shake_sha2_top/u_sha2_top/s00_axi_aresetn   |                3 |              8 |         2.67 |
|  s00_axi_aclk_IBUF_BUFG | shake_sha2_ip_v1_0_S00_AXI_inst/u_shake_sha2_top/u_sha2_top/u_sha512/buff[80][7]_i_1_n_0             | shake_sha2_ip_v1_0_S00_AXI_inst/u_shake_sha2_top/u_sha2_top/s00_axi_aresetn   |                2 |              8 |         4.00 |
|  s00_axi_aclk_IBUF_BUFG | shake_sha2_ip_v1_0_S00_AXI_inst/u_shake_sha2_top/u_sha2_top/u_sha512/buff[81][7]_i_1_n_0             | shake_sha2_ip_v1_0_S00_AXI_inst/u_shake_sha2_top/u_sha2_top/s00_axi_aresetn   |                3 |              8 |         2.67 |
|  s00_axi_aclk_IBUF_BUFG | shake_sha2_ip_v1_0_S00_AXI_inst/u_shake_sha2_top/u_sha2_top/u_sha512/buff[74][7]_i_1_n_0             | shake_sha2_ip_v1_0_S00_AXI_inst/u_shake_sha2_top/u_sha2_top/s00_axi_aresetn   |                3 |              8 |         2.67 |
|  s00_axi_aclk_IBUF_BUFG | shake_sha2_ip_v1_0_S00_AXI_inst/u_shake_sha2_top/u_sha2_top/u_sha512/buff[87][7]_i_1_n_0             | shake_sha2_ip_v1_0_S00_AXI_inst/u_shake_sha2_top/u_sha2_top/s00_axi_aresetn   |                4 |              8 |         2.00 |
|  s00_axi_aclk_IBUF_BUFG | shake_sha2_ip_v1_0_S00_AXI_inst/u_shake_sha2_top/u_sha2_top/u_sha512/buff[71][7]_i_1_n_0             | shake_sha2_ip_v1_0_S00_AXI_inst/u_shake_sha2_top/u_sha2_top/s00_axi_aresetn   |                4 |              8 |         2.00 |
|  s00_axi_aclk_IBUF_BUFG | shake_sha2_ip_v1_0_S00_AXI_inst/u_shake_sha2_top/u_sha2_top/u_sha512/buff[73][7]_i_1_n_0             | shake_sha2_ip_v1_0_S00_AXI_inst/u_shake_sha2_top/u_sha2_top/s00_axi_aresetn   |                2 |              8 |         4.00 |
|  s00_axi_aclk_IBUF_BUFG | shake_sha2_ip_v1_0_S00_AXI_inst/u_shake_sha2_top/u_sha2_top/u_sha512/buff[92][7]_i_1_n_0             | shake_sha2_ip_v1_0_S00_AXI_inst/u_shake_sha2_top/u_sha2_top/s00_axi_aresetn   |                2 |              8 |         4.00 |
|  s00_axi_aclk_IBUF_BUFG | shake_sha2_ip_v1_0_S00_AXI_inst/u_shake_sha2_top/u_sha2_top/u_sha512/buff[8][7]_i_1__0_n_0           | shake_sha2_ip_v1_0_S00_AXI_inst/u_shake_sha2_top/u_sha2_top/s00_axi_aresetn   |                3 |              8 |         2.67 |
|  s00_axi_aclk_IBUF_BUFG | shake_sha2_ip_v1_0_S00_AXI_inst/u_shake_sha2_top/u_sha2_top/u_sha512/buff[98][7]_i_1_n_0             | shake_sha2_ip_v1_0_S00_AXI_inst/u_shake_sha2_top/u_sha2_top/s00_axi_aresetn   |                2 |              8 |         4.00 |
|  s00_axi_aclk_IBUF_BUFG | shake_sha2_ip_v1_0_S00_AXI_inst/u_shake_sha2_top/u_sha2_top/u_sha512/buff[65][7]_i_1_n_0             | shake_sha2_ip_v1_0_S00_AXI_inst/u_shake_sha2_top/u_sha2_top/s00_axi_aresetn   |                2 |              8 |         4.00 |
|  s00_axi_aclk_IBUF_BUFG | shake_sha2_ip_v1_0_S00_AXI_inst/u_shake_sha2_top/u_sha2_top/u_sha512/buff[84][7]_i_1_n_0             | shake_sha2_ip_v1_0_S00_AXI_inst/u_shake_sha2_top/u_sha2_top/s00_axi_aresetn   |                2 |              8 |         4.00 |
|  s00_axi_aclk_IBUF_BUFG | shake_sha2_ip_v1_0_S00_AXI_inst/u_shake_sha2_top/u_sha2_top/u_sha512/buff[77][7]_i_1_n_0             | shake_sha2_ip_v1_0_S00_AXI_inst/u_shake_sha2_top/u_sha2_top/s00_axi_aresetn   |                3 |              8 |         2.67 |
|  s00_axi_aclk_IBUF_BUFG | shake_sha2_ip_v1_0_S00_AXI_inst/u_shake_sha2_top/u_sha2_top/u_sha512/buff[78][7]_i_1_n_0             | shake_sha2_ip_v1_0_S00_AXI_inst/u_shake_sha2_top/u_sha2_top/s00_axi_aresetn   |                4 |              8 |         2.00 |
|  s00_axi_aclk_IBUF_BUFG | shake_sha2_ip_v1_0_S00_AXI_inst/u_shake_sha2_top/u_sha2_top/u_sha512/buff[70][7]_i_1_n_0             | shake_sha2_ip_v1_0_S00_AXI_inst/u_shake_sha2_top/u_sha2_top/s00_axi_aresetn   |                4 |              8 |         2.00 |
|  s00_axi_aclk_IBUF_BUFG | shake_sha2_ip_v1_0_S00_AXI_inst/u_shake_sha2_top/u_sha2_top/u_sha512/buff[7][7]_i_1__0_n_0           | shake_sha2_ip_v1_0_S00_AXI_inst/u_shake_sha2_top/u_sha2_top/s00_axi_aresetn   |                5 |              8 |         1.60 |
|  s00_axi_aclk_IBUF_BUFG | shake_sha2_ip_v1_0_S00_AXI_inst/u_shake_sha2_top/u_sha2_top/u_sha512/buff[86][7]_i_1_n_0             | shake_sha2_ip_v1_0_S00_AXI_inst/u_shake_sha2_top/u_sha2_top/s00_axi_aresetn   |                5 |              8 |         1.60 |
|  s00_axi_aclk_IBUF_BUFG | shake_sha2_ip_v1_0_S00_AXI_inst/u_shake_sha2_top/u_sha2_top/u_sha512/buff[91][7]_i_1_n_0             | shake_sha2_ip_v1_0_S00_AXI_inst/u_shake_sha2_top/u_sha2_top/s00_axi_aresetn   |                4 |              8 |         2.00 |
|  s00_axi_aclk_IBUF_BUFG | shake_sha2_ip_v1_0_S00_AXI_inst/u_shake_sha2_top/u_sha2_top/u_sha512/buff[72][7]_i_1_n_0             | shake_sha2_ip_v1_0_S00_AXI_inst/u_shake_sha2_top/u_sha2_top/s00_axi_aresetn   |                2 |              8 |         4.00 |
|  s00_axi_aclk_IBUF_BUFG | shake_sha2_ip_v1_0_S00_AXI_inst/u_shake_sha2_top/u_sha2_top/u_sha512/buff[95][7]_i_1_n_0             | shake_sha2_ip_v1_0_S00_AXI_inst/u_shake_sha2_top/u_sha2_top/s00_axi_aresetn   |                4 |              8 |         2.00 |
|  s00_axi_aclk_IBUF_BUFG | shake_sha2_ip_v1_0_S00_AXI_inst/u_shake_sha2_top/u_sha2_top/u_sha512/buff[99][7]_i_1_n_0             | shake_sha2_ip_v1_0_S00_AXI_inst/u_shake_sha2_top/u_sha2_top/s00_axi_aresetn   |                3 |              8 |         2.67 |
|  s00_axi_aclk_IBUF_BUFG | shake_sha2_ip_v1_0_S00_AXI_inst/u_shake_sha2_top/u_sha2_top/u_sha512/buff[75][7]_i_1_n_0             | shake_sha2_ip_v1_0_S00_AXI_inst/u_shake_sha2_top/u_sha2_top/s00_axi_aresetn   |                2 |              8 |         4.00 |
|  s00_axi_aclk_IBUF_BUFG | shake_sha2_ip_v1_0_S00_AXI_inst/u_shake_sha2_top/u_sha2_top/u_sha512/buff[83][7]_i_1_n_0             | shake_sha2_ip_v1_0_S00_AXI_inst/u_shake_sha2_top/u_sha2_top/s00_axi_aresetn   |                3 |              8 |         2.67 |
|  s00_axi_aclk_IBUF_BUFG | shake_sha2_ip_v1_0_S00_AXI_inst/u_shake_sha2_top/u_sha2_top/u_sha512/buff[85][7]_i_1_n_0             | shake_sha2_ip_v1_0_S00_AXI_inst/u_shake_sha2_top/u_sha2_top/s00_axi_aresetn   |                3 |              8 |         2.67 |
|  s00_axi_aclk_IBUF_BUFG | shake_sha2_ip_v1_0_S00_AXI_inst/u_shake_sha2_top/u_sha2_top/u_sha512/buff[89][7]_i_1_n_0             | shake_sha2_ip_v1_0_S00_AXI_inst/u_shake_sha2_top/u_sha2_top/s00_axi_aresetn   |                3 |              8 |         2.67 |
|  s00_axi_aclk_IBUF_BUFG | shake_sha2_ip_v1_0_S00_AXI_inst/u_shake_sha2_top/u_sha2_top/u_sha512/buff[76][7]_i_1_n_0             | shake_sha2_ip_v1_0_S00_AXI_inst/u_shake_sha2_top/u_sha2_top/s00_axi_aresetn   |                2 |              8 |         4.00 |
|  s00_axi_aclk_IBUF_BUFG | shake_sha2_ip_v1_0_S00_AXI_inst/u_shake_sha2_top/u_sha2_top/u_sha512/buff[90][7]_i_1_n_0             | shake_sha2_ip_v1_0_S00_AXI_inst/u_shake_sha2_top/u_sha2_top/s00_axi_aresetn   |                5 |              8 |         1.60 |
|  s00_axi_aclk_IBUF_BUFG | shake_sha2_ip_v1_0_S00_AXI_inst/u_shake_sha2_top/u_sha2_top/u_sha512/buff[68][7]_i_1_n_0             | shake_sha2_ip_v1_0_S00_AXI_inst/u_shake_sha2_top/u_sha2_top/s00_axi_aresetn   |                4 |              8 |         2.00 |
|  s00_axi_aclk_IBUF_BUFG | shake_sha2_ip_v1_0_S00_AXI_inst/u_shake_sha2_top/u_sha2_top/u_sha512/buff[6][7]_i_1__0_n_0           | shake_sha2_ip_v1_0_S00_AXI_inst/u_shake_sha2_top/u_sha2_top/s00_axi_aresetn   |                3 |              8 |         2.67 |
|  s00_axi_aclk_IBUF_BUFG | shake_sha2_ip_v1_0_S00_AXI_inst/u_shake_sha2_top/u_sha2_top/u_sha512/buff[67][7]_i_1_n_0             | shake_sha2_ip_v1_0_S00_AXI_inst/u_shake_sha2_top/u_sha2_top/s00_axi_aresetn   |                4 |              8 |         2.00 |
|  s00_axi_aclk_IBUF_BUFG | shake_sha2_ip_v1_0_S00_AXI_inst/u_shake_sha2_top/u_sha2_top/u_sha512/buff[82][7]_i_1_n_0             | shake_sha2_ip_v1_0_S00_AXI_inst/u_shake_sha2_top/u_sha2_top/s00_axi_aresetn   |                2 |              8 |         4.00 |
|  s00_axi_aclk_IBUF_BUFG | shake_sha2_ip_v1_0_S00_AXI_inst/u_shake_sha2_top/u_sha2_top/u_sha512/buff[9][7]_i_1__0_n_0           | shake_sha2_ip_v1_0_S00_AXI_inst/u_shake_sha2_top/u_sha2_top/s00_axi_aresetn   |                3 |              8 |         2.67 |
|  s00_axi_aclk_IBUF_BUFG | shake_sha2_ip_v1_0_S00_AXI_inst/u_shake_sha2_top/u_sha2_top/u_sha512/buff[79][7]_i_1_n_0             | shake_sha2_ip_v1_0_S00_AXI_inst/u_shake_sha2_top/u_sha2_top/s00_axi_aresetn   |                4 |              8 |         2.00 |
|  s00_axi_aclk_IBUF_BUFG | shake_sha2_ip_v1_0_S00_AXI_inst/slv_reg0[31]_i_1_n_0                                                 | shake_sha2_ip_v1_0_S00_AXI_inst/u_shake_sha2_top/u_sha2_top/s00_axi_aresetn   |                3 |              8 |         2.67 |
|  s00_axi_aclk_IBUF_BUFG | shake_sha2_ip_v1_0_S00_AXI_inst/slv_reg0[15]_i_1_n_0                                                 | shake_sha2_ip_v1_0_S00_AXI_inst/u_shake_sha2_top/u_sha2_top/s00_axi_aresetn   |                3 |              8 |         2.67 |
|  s00_axi_aclk_IBUF_BUFG | shake_sha2_ip_v1_0_S00_AXI_inst/slv_reg0[23]_i_1_n_0                                                 | shake_sha2_ip_v1_0_S00_AXI_inst/u_shake_sha2_top/u_sha2_top/s00_axi_aresetn   |                3 |              8 |         2.67 |
|  s00_axi_aclk_IBUF_BUFG | shake_sha2_ip_v1_0_S00_AXI_inst/slv_reg1[15]_i_1_n_0                                                 | shake_sha2_ip_v1_0_S00_AXI_inst/u_shake_sha2_top/u_sha2_top/s00_axi_aresetn   |                1 |              8 |         8.00 |
|  s00_axi_aclk_IBUF_BUFG | shake_sha2_ip_v1_0_S00_AXI_inst/slv_reg1[23]_i_1_n_0                                                 | shake_sha2_ip_v1_0_S00_AXI_inst/u_shake_sha2_top/u_sha2_top/s00_axi_aresetn   |                2 |              8 |         4.00 |
|  s00_axi_aclk_IBUF_BUFG | shake_sha2_ip_v1_0_S00_AXI_inst/slv_reg1[31]_i_1_n_0                                                 | shake_sha2_ip_v1_0_S00_AXI_inst/u_shake_sha2_top/u_sha2_top/s00_axi_aresetn   |                4 |              8 |         2.00 |
|  s00_axi_aclk_IBUF_BUFG | shake_sha2_ip_v1_0_S00_AXI_inst/slv_reg6[7]_i_1_n_0                                                  | shake_sha2_ip_v1_0_S00_AXI_inst/u_shake_sha2_top/u_sha2_top/s00_axi_aresetn   |                4 |              8 |         2.00 |
|  s00_axi_aclk_IBUF_BUFG | shake_sha2_ip_v1_0_S00_AXI_inst/slv_reg2[7]_i_1_n_0                                                  | shake_sha2_ip_v1_0_S00_AXI_inst/u_shake_sha2_top/u_sha2_top/s00_axi_aresetn   |                4 |              8 |         2.00 |
|  s00_axi_aclk_IBUF_BUFG | shake_sha2_ip_v1_0_S00_AXI_inst/slv_reg5[31]_i_1_n_0                                                 | shake_sha2_ip_v1_0_S00_AXI_inst/u_shake_sha2_top/u_sha2_top/s00_axi_aresetn   |                4 |              8 |         2.00 |
|  s00_axi_aclk_IBUF_BUFG | shake_sha2_ip_v1_0_S00_AXI_inst/slv_reg1[7]_i_1_n_0                                                  | shake_sha2_ip_v1_0_S00_AXI_inst/u_shake_sha2_top/u_sha2_top/s00_axi_aresetn   |                4 |              8 |         2.00 |
|  s00_axi_aclk_IBUF_BUFG | shake_sha2_ip_v1_0_S00_AXI_inst/slv_reg3[15]_i_1_n_0                                                 | shake_sha2_ip_v1_0_S00_AXI_inst/u_shake_sha2_top/u_sha2_top/s00_axi_aresetn   |                4 |              8 |         2.00 |
|  s00_axi_aclk_IBUF_BUFG | shake_sha2_ip_v1_0_S00_AXI_inst/slv_reg3[7]_i_1_n_0                                                  | shake_sha2_ip_v1_0_S00_AXI_inst/u_shake_sha2_top/u_sha2_top/s00_axi_aresetn   |                4 |              8 |         2.00 |
|  s00_axi_aclk_IBUF_BUFG | shake_sha2_ip_v1_0_S00_AXI_inst/slv_reg5[23]_i_1_n_0                                                 | shake_sha2_ip_v1_0_S00_AXI_inst/u_shake_sha2_top/u_sha2_top/s00_axi_aresetn   |                4 |              8 |         2.00 |
|  s00_axi_aclk_IBUF_BUFG | shake_sha2_ip_v1_0_S00_AXI_inst/slv_reg5[7]_i_1_n_0                                                  | shake_sha2_ip_v1_0_S00_AXI_inst/u_shake_sha2_top/u_sha2_top/s00_axi_aresetn   |                4 |              8 |         2.00 |
|  s00_axi_aclk_IBUF_BUFG | shake_sha2_ip_v1_0_S00_AXI_inst/slv_reg6[23]_i_1_n_0                                                 | shake_sha2_ip_v1_0_S00_AXI_inst/u_shake_sha2_top/u_sha2_top/s00_axi_aresetn   |                4 |              8 |         2.00 |
|  s00_axi_aclk_IBUF_BUFG | shake_sha2_ip_v1_0_S00_AXI_inst/slv_reg2[31]_i_1_n_0                                                 | shake_sha2_ip_v1_0_S00_AXI_inst/u_shake_sha2_top/u_sha2_top/s00_axi_aresetn   |                3 |              8 |         2.67 |
|  s00_axi_aclk_IBUF_BUFG | shake_sha2_ip_v1_0_S00_AXI_inst/slv_reg3[31]_i_1_n_0                                                 | shake_sha2_ip_v1_0_S00_AXI_inst/u_shake_sha2_top/u_sha2_top/s00_axi_aresetn   |                3 |              8 |         2.67 |
|  s00_axi_aclk_IBUF_BUFG | shake_sha2_ip_v1_0_S00_AXI_inst/slv_reg6[15]_i_1_n_0                                                 | shake_sha2_ip_v1_0_S00_AXI_inst/u_shake_sha2_top/u_sha2_top/s00_axi_aresetn   |                3 |              8 |         2.67 |
|  s00_axi_aclk_IBUF_BUFG | shake_sha2_ip_v1_0_S00_AXI_inst/slv_reg2[23]_i_1_n_0                                                 | shake_sha2_ip_v1_0_S00_AXI_inst/u_shake_sha2_top/u_sha2_top/s00_axi_aresetn   |                2 |              8 |         4.00 |
|  s00_axi_aclk_IBUF_BUFG | shake_sha2_ip_v1_0_S00_AXI_inst/slv_reg6[31]_i_1_n_0                                                 | shake_sha2_ip_v1_0_S00_AXI_inst/u_shake_sha2_top/u_sha2_top/s00_axi_aresetn   |                3 |              8 |         2.67 |
|  s00_axi_aclk_IBUF_BUFG | shake_sha2_ip_v1_0_S00_AXI_inst/slv_reg4[15]_i_1_n_0                                                 | shake_sha2_ip_v1_0_S00_AXI_inst/u_shake_sha2_top/u_sha2_top/s00_axi_aresetn   |                4 |              8 |         2.00 |
|  s00_axi_aclk_IBUF_BUFG |                                                                                                      | shake_sha2_ip_v1_0_S00_AXI_inst/u_shake_sha2_top/u_shake_top/keccak_top/AR[0] |                6 |              9 |         1.50 |
|  s00_axi_aclk_IBUF_BUFG | shake_sha2_ip_v1_0_S00_AXI_inst/axi_arready0                                                         | shake_sha2_ip_v1_0_S00_AXI_inst/u_shake_sha2_top/u_sha2_top/s00_axi_aresetn   |                8 |             15 |         1.88 |
|  s00_axi_aclk_IBUF_BUFG | shake_sha2_ip_v1_0_S00_AXI_inst/slv_reg0[7]_i_1_n_0                                                  | shake_sha2_ip_v1_0_S00_AXI_inst/u_shake_sha2_top/u_sha2_top/s00_axi_aresetn   |                7 |             16 |         2.29 |
|  s00_axi_aclk_IBUF_BUFG | shake_sha2_ip_v1_0_S00_AXI_inst/u_shake_sha2_top/u_sha2_top/u_sha512/mcnt[6]_i_1_n_0                 | shake_sha2_ip_v1_0_S00_AXI_inst/u_shake_sha2_top/u_sha2_top/s00_axi_aresetn   |                7 |             17 |         2.43 |
|  s00_axi_aclk_IBUF_BUFG | shake_sha2_ip_v1_0_S00_AXI_inst/u_shake_sha2_top/u_sha2_top/u_sha512/iid                             | shake_sha2_ip_v1_0_S00_AXI_inst/u_shake_sha2_top/u_sha2_top/s00_axi_aresetn   |               14 |             32 |         2.29 |
|  s00_axi_aclk_IBUF_BUFG | shake_sha2_ip_v1_0_S00_AXI_inst/u_shake_sha2_top/u_sha2_top/u_sha256/iid                             | shake_sha2_ip_v1_0_S00_AXI_inst/u_shake_sha2_top/u_sha2_top/s00_axi_aresetn   |               11 |             32 |         2.91 |
|  s00_axi_aclk_IBUF_BUFG | shake_sha2_ip_v1_0_S00_AXI_inst/slv_reg_rden                                                         | shake_sha2_ip_v1_0_S00_AXI_inst/u_shake_sha2_top/u_sha2_top/s00_axi_aresetn   |               19 |             32 |         1.68 |
|  s00_axi_aclk_IBUF_BUFG | shake_sha2_ip_v1_0_S00_AXI_inst/u_shake_sha2_top/u_sha2_top/u_sha256/cnt                             | shake_sha2_ip_v1_0_S00_AXI_inst/u_shake_sha2_top/u_sha2_top/s00_axi_aresetn   |               10 |             61 |         6.10 |
|  s00_axi_aclk_IBUF_BUFG | shake_sha2_ip_v1_0_S00_AXI_inst/u_shake_sha2_top/u_sha2_top/u_sha512/cnt                             | shake_sha2_ip_v1_0_S00_AXI_inst/u_shake_sha2_top/u_sha2_top/s00_axi_aresetn   |               10 |             61 |         6.10 |
|  s00_axi_aclk_IBUF_BUFG | shake_sha2_ip_v1_0_S00_AXI_inst/u_shake_sha2_top/u_sha2_top/u_sha256/mid                             | shake_sha2_ip_v1_0_S00_AXI_inst/u_shake_sha2_top/u_sha2_top/s00_axi_aresetn   |               27 |             93 |         3.44 |
|  s00_axi_aclk_IBUF_BUFG | shake_sha2_ip_v1_0_S00_AXI_inst/u_shake_sha2_top/u_sha2_top/u_sha512/mid[31]_i_1__0_n_0              | shake_sha2_ip_v1_0_S00_AXI_inst/u_shake_sha2_top/u_sha2_top/s00_axi_aresetn   |               27 |             93 |         3.44 |
|  s00_axi_aclk_IBUF_BUFG | shake_sha2_ip_v1_0_S00_AXI_inst/u_shake_sha2_top/u_sha2_top/u_sha512/E[0]                            | shake_sha2_ip_v1_0_S00_AXI_inst/u_shake_sha2_top/u_sha2_top/s00_axi_aresetn   |               36 |             93 |         2.58 |
|  s00_axi_aclk_IBUF_BUFG | s00_axi_aresetn_IBUF                                                                                 |                                                                               |               34 |             93 |         2.74 |
|  s00_axi_aclk_IBUF_BUFG | shake_sha2_ip_v1_0_S00_AXI_inst/u_shake_sha2_top/u_sha2_top/u_sha256/h                               | shake_sha2_ip_v1_0_S00_AXI_inst/u_shake_sha2_top/u_sha2_top/s00_axi_aresetn   |               63 |            256 |         4.06 |
|  s00_axi_aclk_IBUF_BUFG | shake_sha2_ip_v1_0_S00_AXI_inst/u_shake_sha2_top/u_sha2_top/u_sha256/wkstart                         | shake_sha2_ip_v1_0_S00_AXI_inst/u_shake_sha2_top/u_sha2_top/s00_axi_aresetn   |               49 |            256 |         5.22 |
|  s00_axi_aclk_IBUF_BUFG |                                                                                                      |                                                                               |               71 |            428 |         6.03 |
|  s00_axi_aclk_IBUF_BUFG | shake_sha2_ip_v1_0_S00_AXI_inst/u_shake_sha2_top/u_sha2_top/u_sha512/wkstart                         | shake_sha2_ip_v1_0_S00_AXI_inst/u_shake_sha2_top/u_sha2_top/s00_axi_aresetn   |              116 |            512 |         4.41 |
|  s00_axi_aclk_IBUF_BUFG | shake_sha2_ip_v1_0_S00_AXI_inst/u_shake_sha2_top/u_sha2_top/u_sha512/h                               | shake_sha2_ip_v1_0_S00_AXI_inst/u_shake_sha2_top/u_sha2_top/s00_axi_aresetn   |              137 |            512 |         3.74 |
|  s00_axi_aclk_IBUF_BUFG | shake_sha2_ip_v1_0_S00_AXI_inst/u_shake_sha2_top/u_sha2_top/u_sha512/result_ready_flag_reg_1[0]      | shake_sha2_ip_v1_0_S00_AXI_inst/u_shake_sha2_top/u_sha2_top/s00_axi_aresetn   |              373 |           1344 |         3.60 |
|  s00_axi_aclk_IBUF_BUFG | shake_sha2_ip_v1_0_S00_AXI_inst/u_shake_sha2_top/u_shake_top/keccak_top/mode_reg_reg[2]_rep__4       | shake_sha2_ip_v1_0_S00_AXI_inst/u_shake_sha2_top/u_sha2_top/s00_axi_aresetn   |              602 |           1344 |         2.23 |
|  s00_axi_aclk_IBUF_BUFG | shake_sha2_ip_v1_0_S00_AXI_inst/u_shake_sha2_top/u_shake_top/keccak_top/reg_data[1599]_i_1_n_0       | shake_sha2_ip_v1_0_S00_AXI_inst/u_shake_sha2_top/u_shake_top/keccak_top/AR[0] |              871 |           1600 |         1.84 |
|  s00_axi_aclk_IBUF_BUFG |                                                                                                      | shake_sha2_ip_v1_0_S00_AXI_inst/u_shake_sha2_top/u_sha2_top/s00_axi_aresetn   |              520 |           2224 |         4.28 |
+-------------------------+------------------------------------------------------------------------------------------------------+-------------------------------------------------------------------------------+------------------+----------------+--------------+


