#-----------------------------------------------------------
# Vivado v2020.2 (64-bit)
# SW Build 3064766 on Wed Nov 18 09:12:45 MST 2020
# IP Build 3064653 on Wed Nov 18 14:17:31 MST 2020
# Start of session at: Wed Oct 15 11:18:44 2025
# Process ID: 7976
# Current directory: D:/Project/Vivado_prj/shake_sha2/ip/managed_ip_project/managed_ip_project.tmp/shake_sha2_ip_v1_0_project/shake_sha2_ip_v1_0_project.runs/impl_1
# Command line: vivado.exe -log shake_sha2_ip_v1_0.vdi -applog -product Vivado -messageDb vivado.pb -mode batch -source shake_sha2_ip_v1_0.tcl -notrace
# Log file: D:/Project/Vivado_prj/shake_sha2/ip/managed_ip_project/managed_ip_project.tmp/shake_sha2_ip_v1_0_project/shake_sha2_ip_v1_0_project.runs/impl_1/shake_sha2_ip_v1_0.vdi
# Journal file: D:/Project/Vivado_prj/shake_sha2/ip/managed_ip_project/managed_ip_project.tmp/shake_sha2_ip_v1_0_project/shake_sha2_ip_v1_0_project.runs/impl_1\vivado.jou
#-----------------------------------------------------------
source shake_sha2_ip_v1_0.tcl -notrace
