13:32:32 **** Incremental Build of configuration Debug for project new ****
make all 
D:/ruanjian/Vivado/Vitis/2019.2/gnuwin/bin/make --no-print-directory pre-build
a9-linaro-pre-build-step
 
D:/ruanjian/Vivado/Vitis/2019.2/gnuwin/bin/make --no-print-directory main-build
Building file: ../src/main.c
Invoking: ARM v7 gcc compiler
arm-none-eabi-gcc -DPARAMS="sphincs-shake-128f" -Wall -O0 -g3 -c -fmessage-length=0 -MT"src/main.o" -mcpu=cortex-a9 -mfpu=vfpv3 -mfloat-abi=hard -ID:/fpga/shakelite2_save/vitisnew/cpu_wrapper/export/cpu_wrapper/sw/cpu_wrapper/standalone_domain/bspinclude/include -MMD -MP -MF"src/main.d" -MT"src/main.o" -o "src/main.o" "../src/main.c"
In file included from ../src/main.c:7:
D:/fpga/shakelite2_save/vitisnew/cpu_wrapper/export/cpu_wrapper/sw/cpu_wrapper/standalone_domain/bspinclude/include/xtime_l.h:85:9: note: #pragma message: For the sleep routines, Global timer is being used
 #pragma message ("For the sleep routines, Global timer is being used")
         ^~~~~~~
../src/main.c: In function 'run_sphincs_test_forensic':
../src/main.c:65:20: warning: unused variable 't_end' [-Wunused-variable]
     XTime t_start, t_end;
                    ^~~~~
../src/main.c:65:11: warning: unused variable 't_start' [-Wunused-variable]
     XTime t_start, t_end;
           ^~~~~~~
Finished building: ../src/main.c
 
Building target: new.elf
Invoking: ARM v7 gcc linker
arm-none-eabi-gcc -mcpu=cortex-a9 -mfpu=vfpv3 -mfloat-abi=hard -Wl,-build-id=none -specs=Xilinx.spec -Wl,-T -Wl,../src/lscript.ld -LD:/fpga/shakelite2_save/vitisnew/cpu_wrapper/export/cpu_wrapper/sw/cpu_wrapper/standalone_domain/bsplib/lib -o "new.elf"  ./src/address.o ./src/fips202.o ./src/fors.o ./src/fpga_sha_driver.o ./src/hash_shake.o ./src/main.o ./src/merkle.o ./src/randombytes.o ./src/sign.o ./src/thash_shake_simple.o ./src/utils.o ./src/utilsx1.o ./src/wots.o ./src/wotsx1.o   -Wl,--start-group,-lxil,-lgcc,-lc,--end-group
Finished building target: new.elf
 
Invoking: ARM v7 Print Size
arm-none-eabi-size new.elf  |tee "new.elf.size"
   text	   data	    bss	    dec	    hex	filename
  67268	   1544	  57656	 126468	  1ee04	new.elf
Finished building: new.elf.size
 

13:32:34 Build Finished (took 1s.384ms)

