16:37:14 **** Incremental Build of configuration Debug for project new ****
make all 
D:/ruanjian/Vivado/Vitis/2019.2/gnuwin/bin/make --no-print-directory pre-build
a9-linaro-pre-build-step
 
D:/ruanjian/Vivado/Vitis/2019.2/gnuwin/bin/make --no-print-directory main-build
Building file: ../src/fpga_sha_driver.c
Invoking: ARM v7 gcc compiler
arm-none-eabi-gcc -DPARAMS="sphincs-shake-128f" -Wall -O0 -g3 -c -fmessage-length=0 -MT"src/fpga_sha_driver.o" -mcpu=cortex-a9 -mfpu=vfpv3 -mfloat-abi=hard -ID:/fpga/shakelite2_save/vitisnew/cpu_wrapper/export/cpu_wrapper/sw/cpu_wrapper/standalone_domain/bspinclude/include -MMD -MP -MF"src/fpga_sha_driver.d" -MT"src/fpga_sha_driver.o" -o "src/fpga_sha_driver.o" "../src/fpga_sha_driver.c"
Finished building: ../src/fpga_sha_driver.c
 
Building target: new.elf
Invoking: ARM v7 gcc linker
arm-none-eabi-gcc -mcpu=cortex-a9 -mfpu=vfpv3 -mfloat-abi=hard -Wl,-build-id=none -specs=Xilinx.spec -Wl,-T -Wl,../src/lscript.ld -LD:/fpga/shakelite2_save/vitisnew/cpu_wrapper/export/cpu_wrapper/sw/cpu_wrapper/standalone_domain/bsplib/lib -o "new.elf"  ./src/address.o ./src/fips202.o ./src/fors.o ./src/fpga_sha_driver.o ./src/hash_shake.o ./src/main.o ./src/merkle.o ./src/randombytes.o ./src/sign.o ./src/thash_shake_simple.o ./src/utils.o ./src/utilsx1.o ./src/wots.o ./src/wotsx1.o   -Wl,--start-group,-lxil,-lgcc,-lc,--end-group
Finished building target: new.elf
 
Invoking: ARM v7 Print Size
arm-none-eabi-size new.elf  |tee "new.elf.size"
   text	   data	    bss	    dec	    hex	filename
  68976	   1544	  57656	 128176	  1f4b0	new.elf
Finished building: new.elf.size
 

16:37:22 Build Finished (took 7s.621ms)

