14:31:35 **** Incremental Build of configuration Debug for project shake_sha ****
make all 
make --no-print-directory pre-build
a9-linaro-pre-build-step
' '
make --no-print-directory main-build
'Building file: ../src/main.c'
'Invoking: ARM v7 gcc compiler'
arm-none-eabi-gcc -Wall -O0 -g3 -c -fmessage-length=0 -MT"src/main.o" -mcpu=cortex-a9 -mfpu=vfpv3 -mfloat-abi=hard -ID:/Project/Vivado_prj/shake_sha2/vitis/system/export/system/sw/system/standalone_domain/bspinclude/include -MMD -MP -MF"src/main.d" -MT"src/main.o" -o "src/main.o" "../src/main.c"
'Finished building: ../src/main.c'
' '
'Building target: shake_sha.elf'
'Invoking: ARM v7 gcc linker'
arm-none-eabi-gcc -mcpu=cortex-a9 -mfpu=vfpv3 -mfloat-abi=hard -Wl,-build-id=none -specs=Xilinx.spec -Wl,-T -Wl,../src/lscript.ld -LD:/Project/Vivado_prj/shake_sha2/vitis/system/export/system/sw/system/standalone_domain/bsplib/lib -o "shake_sha.elf"  ./src/main.o ./src/platform.o   -Wl,--start-group,-lxil,-lgcc,-lc,--end-group
'Finished building target: shake_sha.elf'
' '
'Invoking: ARM v7 Print Size'
arm-none-eabi-size shake_sha.elf  |tee "shake_sha.elf.size"
   text	   data	    bss	    dec	    hex	filename
  25072	   1160	  22568	  48800	   bea0	shake_sha.elf
'Finished building: shake_sha.elf.size'
' '

14:31:37 Build Finished (took 1s.571ms)

