#-----------------------------------------------------------
# Vivado v2020.2 (64-bit)
# SW Build 3064766 on Wed Nov 18 09:12:45 MST 2020
# IP Build 3064653 on Wed Nov 18 14:17:31 MST 2020
# Start of session at: Wed Oct 15 22:21:20 2025
# Process ID: 39904
# Current directory: D:/Project/Vivado_prj/shake_sha2/prj
# Command line: vivado.exe -gui_launcher_event rodinguilauncherevent13872 D:\Project\Vivado_prj\shake_sha2\prj\shake_sha2.xpr
# Log file: D:/Project/Vivado_prj/shake_sha2/prj/vivado.log
# Journal file: D:/Project/Vivado_prj/shake_sha2/prj\vivado.jou
#-----------------------------------------------------------
start_gui
open_project D:/Project/Vivado_prj/shake_sha2/prj/shake_sha2.xpr
update_compile_order -fileset sources_1
update_module_reference system_shake_sha2_ip_v1_0_S_0_1
open_hw_manager
connect_hw_server -allow_non_jtag
open_hw_target
set_property PROGRAM.FILE {D:/Project/Vivado_prj/shake_sha2/prj/shake_sha2.runs/impl_1/system_wrapper.bit} [get_hw_devices xc7z020_1]
set_property PROBES.FILE {D:/Project/Vivado_prj/shake_sha2/prj/shake_sha2.runs/impl_1/system_wrapper.ltx} [get_hw_devices xc7z020_1]
set_property FULL_PROBES.FILE {D:/Project/Vivado_prj/shake_sha2/prj/shake_sha2.runs/impl_1/system_wrapper.ltx} [get_hw_devices xc7z020_1]
current_hw_device [get_hw_devices xc7z020_1]
refresh_hw_device [lindex [get_hw_devices xc7z020_1] 0]
display_hw_ila_data [ get_hw_ila_data hw_ila_data_1 -of_objects [get_hw_ilas -of_objects [get_hw_devices xc7z020_1] -filter {CELL_NAME=~"system_i/shake_sha2_ip_v1_0_S_0/inst/u_shake_sha2_top/u_ila"}]]
set_property TRIGGER_COMPARE_VALUE eq1'bR [get_hw_probes system_i/shake_sha2_ip_v1_0_S_0/inst/u_shake_sha2_top/dout_valid -of_objects [get_hw_ilas -of_objects [get_hw_devices xc7z020_1] -filter {CELL_NAME=~"system_i/shake_sha2_ip_v1_0_S_0/inst/u_shake_sha2_top/u_ila"}]]
run_hw_ila [get_hw_ilas -of_objects [get_hw_devices xc7z020_1] -filter {CELL_NAME=~"system_i/shake_sha2_ip_v1_0_S_0/inst/u_shake_sha2_top/u_ila"}]
wait_on_hw_ila [get_hw_ilas -of_objects [get_hw_devices xc7z020_1] -filter {CELL_NAME=~"system_i/shake_sha2_ip_v1_0_S_0/inst/u_shake_sha2_top/u_ila"}]
display_hw_ila_data [upload_hw_ila_data [get_hw_ilas -of_objects [get_hw_devices xc7z020_1] -filter {CELL_NAME=~"system_i/shake_sha2_ip_v1_0_S_0/inst/u_shake_sha2_top/u_ila"}]]
run_hw_ila [get_hw_ilas -of_objects [get_hw_devices xc7z020_1] -filter {CELL_NAME=~"system_i/shake_sha2_ip_v1_0_S_0/inst/u_shake_sha2_top/u_ila"}]
refresh_hw_device [lindex [get_hw_devices xc7z020_1] 0]
refresh_hw_device [lindex [get_hw_devices xc7z020_1] 0]
refresh_hw_device [lindex [get_hw_devices xc7z020_1] 0]
refresh_hw_device [lindex [get_hw_devices xc7z020_1] 0]
set_property PROBES.FILE {D:/Project/Vivado_prj/shake_sha2/prj/shake_sha2.runs/impl_1/system_wrapper.ltx} [get_hw_devices xc7z020_1]
set_property FULL_PROBES.FILE {D:/Project/Vivado_prj/shake_sha2/prj/shake_sha2.runs/impl_1/system_wrapper.ltx} [get_hw_devices xc7z020_1]
set_property PROGRAM.FILE {D:/Project/Vivado_prj/shake_sha2/prj/shake_sha2.runs/impl_1/system_wrapper.bit} [get_hw_devices xc7z020_1]
program_hw_devices [get_hw_devices xc7z020_1]
refresh_hw_device [lindex [get_hw_devices xc7z020_1] 0]
refresh_hw_device [lindex [get_hw_devices xc7z020_1] 0]
close_hw_manager
open_hw_manager
connect_hw_server -allow_non_jtag
open_hw_target
set_property PROGRAM.FILE {D:/Project/Vivado_prj/shake_sha2/prj/shake_sha2.runs/impl_1/system_wrapper.bit} [get_hw_devices xc7z020_1]
set_property PROBES.FILE {D:/Project/Vivado_prj/shake_sha2/prj/shake_sha2.runs/impl_1/system_wrapper.ltx} [get_hw_devices xc7z020_1]
set_property FULL_PROBES.FILE {D:/Project/Vivado_prj/shake_sha2/prj/shake_sha2.runs/impl_1/system_wrapper.ltx} [get_hw_devices xc7z020_1]
current_hw_device [get_hw_devices xc7z020_1]
refresh_hw_device [lindex [get_hw_devices xc7z020_1] 0]
refresh_hw_device [lindex [get_hw_devices xc7z020_1] 0]
refresh_hw_device [lindex [get_hw_devices xc7z020_1] 0]
display_hw_ila_data [ get_hw_ila_data hw_ila_data_1 -of_objects [get_hw_ilas -of_objects [get_hw_devices xc7z020_1] -filter {CELL_NAME=~"system_i/shake_sha2_ip_v1_0_S_0/inst/u_shake_sha2_top/u_ila"}]]
set_property TRIGGER_COMPARE_VALUE eq1'bX [get_hw_probes system_i/shake_sha2_ip_v1_0_S_0/inst/u_shake_sha2_top/dout_valid -of_objects [get_hw_ilas -of_objects [get_hw_devices xc7z020_1] -filter {CELL_NAME=~"system_i/shake_sha2_ip_v1_0_S_0/inst/u_shake_sha2_top/u_ila"}]]
set_property TRIGGER_COMPARE_VALUE eq1'bR [get_hw_probes system_i/shake_sha2_ip_v1_0_S_0/inst/u_shake_sha2_top/sha2_tvalid -of_objects [get_hw_ilas -of_objects [get_hw_devices xc7z020_1] -filter {CELL_NAME=~"system_i/shake_sha2_ip_v1_0_S_0/inst/u_shake_sha2_top/u_ila"}]]
run_hw_ila [get_hw_ilas -of_objects [get_hw_devices xc7z020_1] -filter {CELL_NAME=~"system_i/shake_sha2_ip_v1_0_S_0/inst/u_shake_sha2_top/u_ila"}]
wait_on_hw_ila [get_hw_ilas -of_objects [get_hw_devices xc7z020_1] -filter {CELL_NAME=~"system_i/shake_sha2_ip_v1_0_S_0/inst/u_shake_sha2_top/u_ila"}]
display_hw_ila_data [upload_hw_ila_data [get_hw_ilas -of_objects [get_hw_devices xc7z020_1] -filter {CELL_NAME=~"system_i/shake_sha2_ip_v1_0_S_0/inst/u_shake_sha2_top/u_ila"}]]
run_hw_ila [get_hw_ilas -of_objects [get_hw_devices xc7z020_1] -filter {CELL_NAME=~"system_i/shake_sha2_ip_v1_0_S_0/inst/u_shake_sha2_top/u_ila"}]
wait_on_hw_ila [get_hw_ilas -of_objects [get_hw_devices xc7z020_1] -filter {CELL_NAME=~"system_i/shake_sha2_ip_v1_0_S_0/inst/u_shake_sha2_top/u_ila"}]
display_hw_ila_data [upload_hw_ila_data [get_hw_ilas -of_objects [get_hw_devices xc7z020_1] -filter {CELL_NAME=~"system_i/shake_sha2_ip_v1_0_S_0/inst/u_shake_sha2_top/u_ila"}]]
run_hw_ila [get_hw_ilas -of_objects [get_hw_devices xc7z020_1] -filter {CELL_NAME=~"system_i/shake_sha2_ip_v1_0_S_0/inst/u_shake_sha2_top/u_ila"}]
wait_on_hw_ila [get_hw_ilas -of_objects [get_hw_devices xc7z020_1] -filter {CELL_NAME=~"system_i/shake_sha2_ip_v1_0_S_0/inst/u_shake_sha2_top/u_ila"}]
display_hw_ila_data [upload_hw_ila_data [get_hw_ilas -of_objects [get_hw_devices xc7z020_1] -filter {CELL_NAME=~"system_i/shake_sha2_ip_v1_0_S_0/inst/u_shake_sha2_top/u_ila"}]]
run_hw_ila [get_hw_ilas -of_objects [get_hw_devices xc7z020_1] -filter {CELL_NAME=~"system_i/shake_sha2_ip_v1_0_S_0/inst/u_shake_sha2_top/u_ila"}]
wait_on_hw_ila [get_hw_ilas -of_objects [get_hw_devices xc7z020_1] -filter {CELL_NAME=~"system_i/shake_sha2_ip_v1_0_S_0/inst/u_shake_sha2_top/u_ila"}]
display_hw_ila_data [upload_hw_ila_data [get_hw_ilas -of_objects [get_hw_devices xc7z020_1] -filter {CELL_NAME=~"system_i/shake_sha2_ip_v1_0_S_0/inst/u_shake_sha2_top/u_ila"}]]
open_bd_design {D:/Project/Vivado_prj/shake_sha2/prj/shake_sha2.srcs/sources_1/bd/system/system.bd}
